
RAxML-NG v. 1.1.0 released on 29.11.2021 by The Exelixis Lab.
Developed by: Alexey M. Kozlov and Alexandros Stamatakis.
Contributors: Diego Darriba, Tomas Flouri, Benoit Morel, Sarah Lutteropp, Ben Bettisworth.
Latest version: https://github.com/amkozlov/raxml-ng
Questions/problems/suggestions? Please visit: https://groups.google.com/forum/#!forum/raxml

System: Intel(R) Xeon(R) CPU E5-2630 v2 @ 2.60GHz, 12 cores, 62 GB RAM

RAxML-NG was called at 05-Mar-2026 12:05:22 as follows:

raxml-ng --all --msa alignement2_cifA_gap3_2.fa --model JTT+G4 --prefix alignement_2-raxmlng --seed 5 --threads 12 --bs-trees 1000

Analysis options:
  run mode: ML tree search + bootstrapping (Felsenstein Bootstrap)
  start tree(s): random (10) + parsimony (10)
  bootstrap replicates: 1000
  random seed: 5
  tip-inner: OFF
  pattern compression: ON
  per-rate scalers: OFF
  site repeats: ON
  branch lengths: proportional (ML estimate, algorithm: NR-FAST)
  SIMD kernels: AVX
  parallelization: coarse-grained (auto), PTHREADS (12 threads), thread pinning: OFF

[00:00:00] Reading alignment from file: alignement2_cifA_gap3_2.fa
[00:00:00] Loaded alignment with 172 taxa and 103 sites

WARNING: Sequences Bombus_terrestris_RNA_binding_like_XP_048260549.1 and Bombus_terrestris_XP_048260546.1_RNA_binding_like are exactly identical!
WARNING: Sequences Argiope_bruennichi_RNA_binding_like_KAF8789789.1 and Argiope_bruennichi_RNA_binding_like_XP_055925994.1 are exactly identical!
WARNING: Sequences Planococcus_citri_RNA_binding_like_XP_065218349.1 and Planococcus_citri_RNA_binding_like_XM_065362278.1_XP_065218350.1 are exactly identical!
WARNING: Sequences Bombus_affinis_RNA_binding_like_XP_050584319.1 and Bombus_affinis_RNA_binding_like_XP_050584318.1 are exactly identical!
WARNING: Sequences Bombus_flavifrons_RNA_binding_like_XP_068974544.1 and Bombus_flavifrons_RNA_binding_like_XP_068974543.1 are exactly identical!
WARNING: Sequences Bombus_huntii_RNA_binding_like_XP_050482922.1 and Bombus_huntii_RNA_binding_like_XP_050482923.1 are exactly identical!
WARNING: Sequences Bombus_huntii_RNA_binding_like_XP_050482922.1 and Bombus_vancouverensis_nearcticus_RNA_binding_like_XP_076476257.1 are exactly identical!
WARNING: Sequences Bombus_huntii_RNA_binding_like_XP_050482922.1 and Bombus_vancouverensis_nearcticus_RNA_binding_like_XP_076476256.1 are exactly identical!
WARNING: Sequences Bombus_huntii_RNA_binding_like_XP_050482922.1 and Bombus_vosnesenskii_RNA_binding_like_XP_033353136.1 are exactly identical!
WARNING: Sequences Bombus_huntii_RNA_binding_like_XP_050482922.1 and Bombus_huntii_RNA_binding_like_XM_050626964.1_XP_050482921.1 are exactly identical!
WARNING: Sequences Bombus_huntii_RNA_binding_like_XP_050482922.1 and Bombus_huntii_RNA_binding_like_XM_050626965.1_XP_050482922.1 are exactly identical!
WARNING: Sequences Chelonus_insularis_RNA_binding_like_XP_034946356.1 and Chelonus_insularis_RNA_binding_like_XM_035090466.1_XP_034946357.1 are exactly identical!
WARNING: Sequences Halyomorpha_halys_RNA_binding_like_XP_014291006.1 and Halyomorpha_halys_RNA_binding_like_XM_014435521.2_XP_014291007.1 are exactly identical!
WARNING: Sequences Lasioglossum_baleicum_RNA_binding_like_XP_076291193.1 and Lasioglossum_baleicum_RNA_binding_like_XP_076291194.1 are exactly identical!
WARNING: Sequences Lasioglossum_baleicum_RNA_binding_like_XP_076291193.1 and Lasioglossum_baleicum_RNA_binding_like_XM_076435080.1_XP_076291195.1 are exactly identical!
WARNING: Sequences Parasteatoda_tepidariorum_RNA_binding_like_XP_015916410.1 and Parasteatoda_tepidariorum_RNA_binding_like_XM_043042738.2_XP_042898672.1 are exactly identical!
WARNING: Sequences Argiope_bruennichi_RNA_binding_like_XM_056073598.1_XP_055929573.1 and Argiope_bruennichi_RNA_binding_like_XM_056073599.1_XP_055929574.1 are exactly identical!
WARNING: Sequences Argiope_bruennichi_RNA_binding_like_XM_056085793.1_XP_055941768.1 and Argiope_bruennichi_RNA_binding_like_XM_056085801.1_XP_055941776.1 are exactly identical!
WARNING: Sequences Drosophila_ananassae_RNA_binding_like_ASM1763931v2_2 and RNA_binding_like_wRi_00742 are exactly identical!
WARNING: Sequences Drosophila_ananassae_RNA_binding_like_ASM1763931v2_2 and RNA_binding_like_wScp_00716 are exactly identical!
WARNING: Sequences RNA_binding_like_wRi_00592 and RNA_binding_like_wRi_01118 are exactly identical!
WARNING: Sequences RNA_binding_like_wRi_00592 and RNA_binding_like_wScp_00152 are exactly identical!
WARNING: Sequences RNA_binding_like_RambAn13_00007 and RNA_binding_like_RambGAT_01152 are exactly identical!
WARNING: Sequences RNA_binding_like_RambAn13_00007 and RNA_binding_like_Ramb_AcajP2_01245_1244 are exactly identical!
WARNING: Sequences RNA_binding_like_RambAn13_00007 and RNA_binding_like_RambAcPa_01375 are exactly identical!
WARNING: Sequences RNA_binding_like_RambAn13_00007 and RNA_binding_like_RambAc37_01159 are exactly identical!
WARNING: Sequences RNA_binding_like_RambAn13_00007 and RNA_binding_like_RambMeda_01245_01244 are exactly identical!
WARNING: Sequences RNA_binding_like_Rlusi_Oerra_bin22_00944 and RNA_binding_like_RhooRCCE_02142 are exactly identical!
WARNING: Sequences RNA_binding_like_Rlusi_Oerra_bin22_00944 and RNA_binding_like_RhooRCCE_02543_2542M are exactly identical!
WARNING: Sequences RNA_binding_like_RhooRCCE_01271 and RNA_binding_like_RhooRCCE_01382_1383M are exactly identical!
WARNING: Sequences RNA_binding_like_RhooCS_00747 and RNA_binding_like_RheiTIGMIC_01168 are exactly identical!
WARNING: Sequences RNA_binding_like_wAcro5_00012 and RNA_binding_like_wAdent_01085 are exactly identical!
WARNING: Sequences RNA_binding_like_SpiroCDF100_00003 and RNA_binding_like_SpiroDCM94_00003 are exactly identical!
WARNING: Sequences RNA_binding_like_REDioLin_01113 and RNA_binding_like_REDioRuf02_00994 are exactly identical!
WARNING: Sequences RNA_binding_like_REPolTer_01684 and RNA_binding_like_REPolTer_01730 are exactly identical!
WARNING: Sequences RNA_binding_like_MesenetGL2_00342 and RNA_binding_like_MesenetL5_00646 are exactly identical!
WARNING: Sequences RNA_binding_like_MesenetGL2_00290 and RNA_binding_like_MesenetL5_00421 are exactly identical!
WARNING: Duplicate sequences found: 37

NOTE: Reduced alignment (with duplicates and gap-only sites/taxa removed) 
NOTE: was saved to: /scratch/richon/Alignement2/alignement_2-raxmlng.raxml.reduced.phy

Alignment comprises 1 partitions and 103 patterns

Partition 0: noname
Model: JTT+G4m
Alignment sites / patterns: 103 / 103
Gaps: 0.39 %
Invariant sites: 0.00 %


NOTE: Binary MSA file created: alignement_2-raxmlng.raxml.rba

Parallelization scheme autoconfig: 12 worker(s) x 1 thread(s)

Parallel reduction/worker buffer size: 1 KB  / 0 KB

[00:00:00] Generating 10 random starting tree(s) with 172 taxa
[00:00:00] Generating 10 parsimony starting tree(s) with 172 taxa
[00:00:00] Data distribution: max. partitions/sites/weight per thread: 1 / 103 / 8240
[00:00:00] Data distribution: max. searches per worker: 86

Starting ML tree search with 20 distinct starting trees

[00:02:29] [worker #10] ML tree search #11, logLikelihood: -15751.812358
[00:02:30] [worker #11] ML tree search #12, logLikelihood: -15750.439259
[00:03:03] [worker #7] ML tree search #8, logLikelihood: -15749.697004
[00:03:03] [worker #0] ML tree search #1, logLikelihood: -15749.987985
[00:03:04] [worker #6] ML tree search #7, logLikelihood: -15749.606764
[00:03:08] [worker #1] ML tree search #2, logLikelihood: -15750.157051
[00:03:10] [worker #9] ML tree search #10, logLikelihood: -15751.665102
[00:03:15] [worker #5] ML tree search #6, logLikelihood: -15751.211723
[00:03:15] [worker #2] ML tree search #3, logLikelihood: -15749.987721
[00:03:29] [worker #3] ML tree search #4, logLikelihood: -15750.159526
[00:03:33] [worker #8] ML tree search #9, logLikelihood: -15750.156735
[00:04:31] [worker #4] ML tree search #5, logLikelihood: -15750.157935
[00:05:22] [worker #7] ML tree search #20, logLikelihood: -15751.613077
[00:05:25] [worker #6] ML tree search #19, logLikelihood: -15751.125259
[00:05:27] [worker #0] ML tree search #13, logLikelihood: -15750.583491
[00:05:35] [worker #1] ML tree search #14, logLikelihood: -15749.987821
[00:05:44] [worker #2] ML tree search #15, logLikelihood: -15748.984667
[00:05:45] [worker #5] ML tree search #18, logLikelihood: -15753.214899
[00:06:41] [worker #3] ML tree search #16, logLikelihood: -15751.812364
[00:06:57] [worker #4] ML tree search #17, logLikelihood: -15748.675144

[00:06:57] ML tree search completed, best tree logLH: -15748.675144

[00:06:57] Starting bootstrapping analysis with 1000 replicates.

[00:09:19] [worker #6] Bootstrap tree #7, logLikelihood: -15229.671620
[00:09:21] [worker #2] Bootstrap tree #3, logLikelihood: -16131.012655
[00:09:23] [worker #8] Bootstrap tree #9, logLikelihood: -15235.996341
[00:09:23] [worker #3] Bootstrap tree #4, logLikelihood: -15016.016935
[00:09:24] [worker #5] Bootstrap tree #6, logLikelihood: -15073.975844
[00:09:25] [worker #0] Bootstrap tree #1, logLikelihood: -15329.404501
[00:09:34] [worker #7] Bootstrap tree #8, logLikelihood: -15055.045119
[00:09:43] [worker #1] Bootstrap tree #2, logLikelihood: -15305.284255
[00:09:50] [worker #4] Bootstrap tree #5, logLikelihood: -15943.475755
[00:09:51] [worker #11] Bootstrap tree #12, logLikelihood: -15522.373894
[00:09:53] [worker #10] Bootstrap tree #11, logLikelihood: -16084.560250
[00:11:43] [worker #9] Bootstrap tree #10, logLikelihood: -16103.398474
[00:11:45] [worker #2] Bootstrap tree #15, logLikelihood: -14555.327091
[00:11:47] [worker #3] Bootstrap tree #16, logLikelihood: -15592.296916
[00:12:06] [worker #1] Bootstrap tree #14, logLikelihood: -16311.790380
[00:12:07] [worker #7] Bootstrap tree #20, logLikelihood: -16186.842182
[00:12:07] [worker #5] Bootstrap tree #18, logLikelihood: -15343.108103
[00:12:14] [worker #6] Bootstrap tree #19, logLikelihood: -15284.679159
[00:12:21] [worker #0] Bootstrap tree #13, logLikelihood: -15527.864108
[00:12:42] [worker #11] Bootstrap tree #24, logLikelihood: -15910.841249
[00:12:58] [worker #4] Bootstrap tree #17, logLikelihood: -15109.134098
[00:13:00] [worker #10] Bootstrap tree #23, logLikelihood: -16368.452210
[00:13:14] [worker #8] Bootstrap tree #21, logLikelihood: -16131.998051
[00:14:06] [worker #9] Bootstrap tree #22, logLikelihood: -16299.152054
[00:14:27] [worker #3] Bootstrap tree #28, logLikelihood: -15795.677417
[00:14:41] [worker #2] Bootstrap tree #27, logLikelihood: -15310.815382
[00:14:46] [worker #6] Bootstrap tree #31, logLikelihood: -15551.846056
[00:14:47] [worker #0] Bootstrap tree #25, logLikelihood: -15645.037298
[00:14:56] [worker #5] Bootstrap tree #30, logLikelihood: -15637.521552
[00:15:07] [worker #11] Bootstrap tree #36, logLikelihood: -15314.920115
[00:15:15] [worker #7] Bootstrap tree #32, logLikelihood: -15259.805654
[00:15:19] [worker #4] Bootstrap tree #29, logLikelihood: -15327.758082
[00:15:21] [worker #1] Bootstrap tree #26, logLikelihood: -16138.613729
[00:15:36] [worker #8] Bootstrap tree #33, logLikelihood: -14915.499308
[00:15:56] [worker #10] Bootstrap tree #35, logLikelihood: -15898.465680
[00:16:23] [worker #9] Bootstrap tree #34, logLikelihood: -15251.814811
[00:16:43] [worker #3] Bootstrap tree #40, logLikelihood: -15728.866664
[00:17:25] [worker #5] Bootstrap tree #42, logLikelihood: -15914.444639
[00:17:28] [worker #4] Bootstrap tree #41, logLikelihood: -15534.086010
[00:17:29] [worker #11] Bootstrap tree #48, logLikelihood: -15753.122159
[00:17:40] [worker #6] Bootstrap tree #43, logLikelihood: -16516.893658
[00:17:45] [worker #1] Bootstrap tree #38, logLikelihood: -15306.826766
[00:17:53] [worker #2] Bootstrap tree #39, logLikelihood: -15158.120845
[00:18:08] [worker #0] Bootstrap tree #37, logLikelihood: -14894.796292
[00:18:12] [worker #8] Bootstrap tree #45, logLikelihood: -15158.239729
[00:18:19] [worker #10] Bootstrap tree #47, logLikelihood: -15488.036251
[00:18:19] [worker #7] Bootstrap tree #44, logLikelihood: -14979.976148
[00:19:52] [worker #9] Bootstrap tree #46, logLikelihood: -15681.825310
[00:21:07] [worker #1] Bootstrap tree #50, logLikelihood: -15815.265827
[00:21:18] [worker #0] Bootstrap tree #49, logLikelihood: -15416.684282
[00:23:37] [worker #9] Bootstrap tree #58, logLikelihood: -15014.066515
[00:23:44] [worker #2] Bootstrap tree #51, logLikelihood: -15745.038342
[00:23:55] [worker #7] Bootstrap tree #56, logLikelihood: -15361.932798
[00:23:55] [worker #6] Bootstrap tree #55, logLikelihood: -15894.922291
[00:23:55] [worker #11] Bootstrap tree #60, logLikelihood: -15343.577963
[00:23:56] [worker #3] Bootstrap tree #52, logLikelihood: -15816.156260
[00:23:57] [worker #10] Bootstrap tree #59, logLikelihood: -15623.620084
[00:23:59] [worker #1] Bootstrap tree #62, logLikelihood: -14496.438380
[00:24:06] [worker #0] Bootstrap tree #61, logLikelihood: -15259.922245
[00:24:18] [worker #5] Bootstrap tree #54, logLikelihood: -15756.142442
[00:24:20] [worker #8] Bootstrap tree #57, logLikelihood: -16077.495232
[00:24:31] [worker #4] Bootstrap tree #53, logLikelihood: -16264.132678
[00:25:54] [worker #9] Bootstrap tree #70, logLikelihood: -15656.633661
[00:26:14] [worker #2] Bootstrap tree #63, logLikelihood: -15333.523460
[00:26:25] [worker #6] Bootstrap tree #67, logLikelihood: -14993.283624
[00:26:31] [worker #0] Bootstrap tree #73, logLikelihood: -15500.932329
[00:26:31] [worker #7] Bootstrap tree #68, logLikelihood: -15702.689194
[00:26:40] [worker #5] Bootstrap tree #66, logLikelihood: -16407.255441
[00:26:44] [worker #3] Bootstrap tree #64, logLikelihood: -15421.421044
[00:26:52] [worker #10] Bootstrap tree #71, logLikelihood: -15412.181555
[00:27:17] [worker #1] Bootstrap tree #74, logLikelihood: -15478.963109
[00:27:31] [worker #11] Bootstrap tree #72, logLikelihood: -15348.158752
[00:27:47] [worker #4] Bootstrap tree #65, logLikelihood: -15374.007632
[00:27:50] [worker #8] Bootstrap tree #69, logLikelihood: -15793.404515
[00:28:28] [worker #2] Bootstrap tree #75, logLikelihood: -15279.751422
[00:28:28] [worker #9] Bootstrap tree #82, logLikelihood: -14500.180014
[00:28:49] [worker #0] Bootstrap tree #85, logLikelihood: -16225.791150
[00:28:52] [worker #6] Bootstrap tree #79, logLikelihood: -15572.052998
[00:29:09] [worker #3] Bootstrap tree #76, logLikelihood: -16010.221197
[00:29:14] [worker #10] Bootstrap tree #83, logLikelihood: -15086.841700
[00:29:15] [worker #5] Bootstrap tree #78, logLikelihood: -14989.262068
[00:29:57] [worker #11] Bootstrap tree #84, logLikelihood: -15620.166653
[00:30:15] [worker #8] Bootstrap tree #81, logLikelihood: -15789.893279
[00:30:20] [worker #7] Bootstrap tree #80, logLikelihood: -15133.411732
[00:30:50] [worker #9] Bootstrap tree #94, logLikelihood: -14705.843528
[00:30:55] [worker #4] Bootstrap tree #77, logLikelihood: -15636.123441
[00:30:56] [worker #2] Bootstrap tree #87, logLikelihood: -14886.320416
[00:31:09] [worker #6] Bootstrap tree #91, logLikelihood: -16388.601222
[00:31:35] [worker #3] Bootstrap tree #88, logLikelihood: -15930.162985
[00:31:43] [worker #1] Bootstrap tree #86, logLikelihood: -15088.405950
[00:31:47] [worker #0] Bootstrap tree #97, logLikelihood: -14957.892943
[00:31:52] [worker #5] Bootstrap tree #90, logLikelihood: -15033.589602
[00:31:58] [worker #10] Bootstrap tree #95, logLikelihood: -15749.402281
[00:32:27] [worker #11] Bootstrap tree #96, logLikelihood: -16443.386192
[00:32:44] [worker #7] Bootstrap tree #92, logLikelihood: -15726.814953
[00:33:48] [worker #8] Bootstrap tree #93, logLikelihood: -15656.966597
[00:34:35] [worker #4] Bootstrap tree #89, logLikelihood: -15788.362757
[00:34:45] [worker #2] Bootstrap tree #99, logLikelihood: -15201.213740
[00:34:56] [worker #3] Bootstrap tree #100, logLikelihood: -15599.562212
[00:35:06] [worker #1] Bootstrap tree #98, logLikelihood: -16112.356948
[00:37:21] [worker #10] Bootstrap tree #107, logLikelihood: -15753.483777
[00:37:22] [worker #3] Bootstrap tree #112, logLikelihood: -15437.778684
[00:37:23] [worker #6] Bootstrap tree #103, logLikelihood: -15292.262131
[00:37:31] [worker #1] Bootstrap tree #110, logLikelihood: -14532.260398
[00:37:32] [worker #11] Bootstrap tree #108, logLikelihood: -15586.118569
[00:37:35] [worker #8] Bootstrap tree #105, logLikelihood: -14774.341284
[00:37:36] [worker #7] Bootstrap tree #104, logLikelihood: -16105.961300
[00:38:09] [worker #4] Bootstrap tree #101, logLikelihood: -14908.724309
[00:38:13] [worker #0] Bootstrap tree #109, logLikelihood: -15906.621703
[00:38:29] [worker #5] Bootstrap tree #102, logLikelihood: -15953.720658
[00:38:35] [worker #9] Bootstrap tree #106, logLikelihood: -16370.111037
[00:38:39] [worker #2] Bootstrap tree #111, logLikelihood: -15570.007729
[00:39:45] [worker #3] Bootstrap tree #124, logLikelihood: -15622.485531
[00:39:50] [worker #8] Bootstrap tree #117, logLikelihood: -15119.704852
[00:39:51] [worker #10] Bootstrap tree #119, logLikelihood: -15596.038072
[00:39:58] [worker #1] Bootstrap tree #122, logLikelihood: -15814.566609
[00:39:59] [worker #7] Bootstrap tree #116, logLikelihood: -15310.508777
[00:40:07] [worker #6] Bootstrap tree #115, logLikelihood: -15838.554686
[00:40:28] [worker #4] Bootstrap tree #113, logLikelihood: -15533.164246
[00:40:49] [worker #11] Bootstrap tree #120, logLikelihood: -15279.490518
[00:40:56] [worker #9] Bootstrap tree #118, logLikelihood: -15741.436253
[00:41:10] [worker #0] Bootstrap tree #121, logLikelihood: -15370.264249
[00:41:21] [worker #5] Bootstrap tree #114, logLikelihood: -14619.667972
[00:41:48] [worker #2] Bootstrap tree #123, logLikelihood: -14655.427195
[00:42:21] [worker #8] Bootstrap tree #129, logLikelihood: -16231.142201
[00:42:22] [worker #10] Bootstrap tree #131, logLikelihood: -15407.706879
[00:42:37] [worker #7] Bootstrap tree #128, logLikelihood: -15828.227708
[00:42:41] [worker #3] Bootstrap tree #136, logLikelihood: -15321.618691
[00:43:01] [worker #4] Bootstrap tree #125, logLikelihood: -15656.259443
[00:43:22] [worker #1] Bootstrap tree #134, logLikelihood: -15958.298282
[00:43:27] [worker #9] Bootstrap tree #130, logLikelihood: -16446.660409
[00:43:31] [worker #11] Bootstrap tree #132, logLikelihood: -15107.467553
[00:43:54] [worker #6] Bootstrap tree #127, logLikelihood: -15843.593787
[00:44:14] [worker #0] Bootstrap tree #133, logLikelihood: -15685.769047
[00:44:53] [worker #8] Bootstrap tree #141, logLikelihood: -15183.928298
[00:45:01] [worker #5] Bootstrap tree #126, logLikelihood: -15679.044090
[00:45:09] [worker #7] Bootstrap tree #140, logLikelihood: -16057.141579
[00:45:20] [worker #2] Bootstrap tree #135, logLikelihood: -15876.998368
[00:45:33] [worker #10] Bootstrap tree #143, logLikelihood: -16079.078600
[00:45:34] [worker #4] Bootstrap tree #137, logLikelihood: -15319.003535
[00:45:38] [worker #1] Bootstrap tree #146, logLikelihood: -15012.442657
[00:46:13] [worker #11] Bootstrap tree #144, logLikelihood: -15850.382711
[00:46:24] [worker #3] Bootstrap tree #148, logLikelihood: -14946.541821
[00:46:38] [worker #9] Bootstrap tree #142, logLikelihood: -16085.156648
[00:47:05] [worker #6] Bootstrap tree #139, logLikelihood: -15405.374344
[00:47:11] [worker #0] Bootstrap tree #145, logLikelihood: -14724.539278
[00:47:38] [worker #5] Bootstrap tree #138, logLikelihood: -16384.681574
[00:48:26] [worker #4] Bootstrap tree #149, logLikelihood: -15180.489403
[00:49:29] [worker #2] Bootstrap tree #147, logLikelihood: -15712.964884
[00:49:41] [worker #5] Bootstrap tree #150, logLikelihood: -15656.222046
[00:51:57] [worker #2] Bootstrap tree #159, logLikelihood: -15727.699665
[00:52:03] [worker #1] Bootstrap tree #158, logLikelihood: -15423.432683
[00:52:07] [worker #8] Bootstrap tree #153, logLikelihood: -15776.762128
[00:52:10] [worker #4] Bootstrap tree #161, logLikelihood: -16173.987213
[00:52:17] [worker #5] Bootstrap tree #162, logLikelihood: -15344.341733
[00:52:23] [worker #6] Bootstrap tree #151, logLikelihood: -16505.221944
[00:52:33] [worker #10] Bootstrap tree #155, logLikelihood: -15614.256531
[00:52:38] [worker #11] Bootstrap tree #156, logLikelihood: -16382.791665
[00:52:42] [worker #0] Bootstrap tree #157, logLikelihood: -15075.648598
[00:52:44] [worker #7] Bootstrap tree #152, logLikelihood: -14696.610603
[00:52:56] [worker #9] Bootstrap tree #154, logLikelihood: -14511.479885
[00:53:26] [worker #3] Bootstrap tree #160, logLikelihood: -15195.428341
[00:54:23] [worker #4] Bootstrap tree #173, logLikelihood: -15454.508557
[00:54:30] [worker #1] Bootstrap tree #170, logLikelihood: -15613.003059
[00:54:50] [worker #5] Bootstrap tree #174, logLikelihood: -15901.057487
[00:54:54] [worker #6] Bootstrap tree #163, logLikelihood: -16229.284056
[00:54:56] [worker #10] Bootstrap tree #167, logLikelihood: -15543.644577
[00:55:10] [worker #8] Bootstrap tree #165, logLikelihood: -15312.860423
[00:55:15] [worker #2] Bootstrap tree #171, logLikelihood: -15233.387722
[00:55:27] [worker #0] Bootstrap tree #169, logLikelihood: -15283.499941
[00:55:34] [worker #11] Bootstrap tree #168, logLikelihood: -15734.389093
[00:56:06] [worker #7] Bootstrap tree #164, logLikelihood: -14432.361472
[00:56:14] [worker #3] Bootstrap tree #172, logLikelihood: -15873.406354
[00:57:08] [worker #1] Bootstrap tree #182, logLikelihood: -15487.610969
[00:57:19] [worker #9] Bootstrap tree #166, logLikelihood: -15816.070139
[00:57:26] [worker #10] Bootstrap tree #179, logLikelihood: -16129.525353
[00:57:32] [worker #2] Bootstrap tree #183, logLikelihood: -15488.825291
[00:57:42] [worker #4] Bootstrap tree #185, logLikelihood: -15158.987696
[00:57:56] [worker #5] Bootstrap tree #186, logLikelihood: -15637.170294
[00:58:11] [worker #8] Bootstrap tree #177, logLikelihood: -16218.894553
[00:58:18] [worker #0] Bootstrap tree #181, logLikelihood: -15278.469235
[00:58:18] [worker #6] Bootstrap tree #175, logLikelihood: -15920.206933
[00:58:21] [worker #11] Bootstrap tree #180, logLikelihood: -15142.104279
[00:58:22] [worker #3] Bootstrap tree #184, logLikelihood: -15591.493593
[00:58:36] [worker #7] Bootstrap tree #176, logLikelihood: -15794.239993
[00:59:36] [worker #1] Bootstrap tree #194, logLikelihood: -16569.362064
[00:59:47] [worker #9] Bootstrap tree #178, logLikelihood: -14856.145365
[00:59:57] [worker #4] Bootstrap tree #197, logLikelihood: -16095.299868
[01:00:05] [worker #10] Bootstrap tree #191, logLikelihood: -15553.908565
[01:00:39] [worker #11] Bootstrap tree #192, logLikelihood: -15903.681601
[01:00:42] [worker #5] Bootstrap tree #198, logLikelihood: -14869.217922
[01:00:43] [worker #2] Bootstrap tree #195, logLikelihood: -15354.600483
[01:00:48] [worker #8] Bootstrap tree #189, logLikelihood: -16294.012191
[01:00:48] [worker #3] Bootstrap tree #196, logLikelihood: -15559.294935
[01:01:07] [worker #7] Bootstrap tree #188, logLikelihood: -14859.119762
[01:01:11] [worker #6] Bootstrap tree #187, logLikelihood: -16014.831024
[01:02:16] [worker #9] Bootstrap tree #190, logLikelihood: -16329.378068
[01:02:37] [worker #0] Bootstrap tree #193, logLikelihood: -15689.273211
[01:03:21] [worker #6] Bootstrap tree #199, logLikelihood: -15241.021906
[01:03:34] [worker #7] Bootstrap tree #200, logLikelihood: -15613.976522
[01:05:43] [worker #3] Bootstrap tree #208, logLikelihood: -15634.557614
[01:05:53] [worker #11] Bootstrap tree #204, logLikelihood: -15585.386436
[01:05:59] [worker #0] Bootstrap tree #205, logLikelihood: -15250.063960
[01:06:00] [worker #7] Bootstrap tree #212, logLikelihood: -15217.114646
[01:06:03] [worker #8] Bootstrap tree #201, logLikelihood: -15369.370289
[01:06:05] [worker #10] Bootstrap tree #203, logLikelihood: -15049.726471
[01:06:13] [worker #1] Bootstrap tree #206, logLikelihood: -14882.544170
[01:06:24] [worker #5] Bootstrap tree #210, logLikelihood: -16310.075348
[01:06:39] [worker #6] Bootstrap tree #211, logLikelihood: -15583.492031
[01:07:12] [worker #2] Bootstrap tree #207, logLikelihood: -15437.202415
[01:07:21] [worker #9] Bootstrap tree #202, logLikelihood: -16242.752012
[01:07:53] [worker #4] Bootstrap tree #209, logLikelihood: -15272.673250
[01:08:04] [worker #3] Bootstrap tree #220, logLikelihood: -15298.077273
[01:08:07] [worker #11] Bootstrap tree #216, logLikelihood: -14789.073833
[01:08:25] [worker #10] Bootstrap tree #215, logLikelihood: -15531.342544
[01:08:42] [worker #7] Bootstrap tree #224, logLikelihood: -14994.477555
[01:08:42] [worker #8] Bootstrap tree #213, logLikelihood: -14847.993964
[01:09:16] [worker #0] Bootstrap tree #217, logLikelihood: -15242.235424
[01:09:36] [worker #9] Bootstrap tree #214, logLikelihood: -16201.631378
[01:09:39] [worker #5] Bootstrap tree #222, logLikelihood: -15064.006865
[01:09:45] [worker #6] Bootstrap tree #223, logLikelihood: -14807.346704
[01:10:09] [worker #1] Bootstrap tree #218, logLikelihood: -15860.229736
[01:10:23] [worker #4] Bootstrap tree #221, logLikelihood: -15135.948115
[01:10:29] [worker #11] Bootstrap tree #228, logLikelihood: -14478.996628
[01:10:48] [worker #10] Bootstrap tree #227, logLikelihood: -15006.827388
[01:10:54] [worker #2] Bootstrap tree #219, logLikelihood: -15173.603956
[01:11:18] [worker #7] Bootstrap tree #236, logLikelihood: -15624.180338
[01:11:46] [worker #3] Bootstrap tree #232, logLikelihood: -15568.804819
[01:11:54] [worker #8] Bootstrap tree #225, logLikelihood: -16163.523113
[01:12:05] [worker #5] Bootstrap tree #234, logLikelihood: -15495.060299
[01:12:06] [worker #0] Bootstrap tree #229, logLikelihood: -15982.457542
[01:12:14] [worker #6] Bootstrap tree #235, logLikelihood: -15210.084182
[01:12:18] [worker #9] Bootstrap tree #226, logLikelihood: -14975.218867
[01:12:37] [worker #1] Bootstrap tree #230, logLikelihood: -15925.383183
[01:13:17] [worker #2] Bootstrap tree #231, logLikelihood: -15996.001877
[01:13:21] [worker #4] Bootstrap tree #233, logLikelihood: -16193.952999
[01:13:38] [worker #11] Bootstrap tree #240, logLikelihood: -15548.822023
[01:13:51] [worker #10] Bootstrap tree #239, logLikelihood: -14483.343235
[01:13:57] [worker #7] Bootstrap tree #248, logLikelihood: -15335.726501
[01:14:06] [worker #8] Bootstrap tree #237, logLikelihood: -15860.993552
[01:14:35] [worker #0] Bootstrap tree #241, logLikelihood: -16014.357645
[01:14:39] [worker #5] Bootstrap tree #246, logLikelihood: -14603.427657
[01:14:50] [worker #6] Bootstrap tree #247, logLikelihood: -16035.622180
[01:15:08] [worker #9] Bootstrap tree #238, logLikelihood: -15870.480622
[01:15:18] [worker #1] Bootstrap tree #242, logLikelihood: -15011.470308
[01:15:25] [worker #3] Bootstrap tree #244, logLikelihood: -15636.517902
[01:15:32] [worker #2] Bootstrap tree #243, logLikelihood: -14772.201340
[01:16:02] [worker #4] Bootstrap tree #245, logLikelihood: -14848.044602
[01:17:22] [worker #8] Bootstrap tree #249, logLikelihood: -16280.900061
[01:17:29] [worker #9] Bootstrap tree #250, logLikelihood: -15900.394688
[01:19:39] [worker #4] Bootstrap tree #257, logLikelihood: -15452.591268
[01:19:55] [worker #7] Bootstrap tree #260, logLikelihood: -14984.897644
[01:20:00] [worker #5] Bootstrap tree #258, logLikelihood: -15157.849586
[01:20:04] [worker #6] Bootstrap tree #259, logLikelihood: -15646.165450
[01:20:04] [worker #0] Bootstrap tree #253, logLikelihood: -16135.115896
[01:20:10] [worker #3] Bootstrap tree #256, logLikelihood: -14830.566003
[01:20:16] [worker #1] Bootstrap tree #254, logLikelihood: -15595.895064
[01:20:17] [worker #9] Bootstrap tree #262, logLikelihood: -15515.431140
[01:20:21] [worker #11] Bootstrap tree #252, logLikelihood: -14792.846213
[01:20:22] [worker #8] Bootstrap tree #261, logLikelihood: -15530.645302
[01:20:46] [worker #10] Bootstrap tree #251, logLikelihood: -15053.169425
[01:21:34] [worker #2] Bootstrap tree #255, logLikelihood: -15732.910581
[01:22:15] [worker #4] Bootstrap tree #269, logLikelihood: -16105.336110
[01:22:40] [worker #9] Bootstrap tree #274, logLikelihood: -15301.796815
[01:22:41] [worker #7] Bootstrap tree #272, logLikelihood: -15950.106124
[01:22:59] [worker #3] Bootstrap tree #268, logLikelihood: -16049.060675
[01:23:12] [worker #10] Bootstrap tree #263, logLikelihood: -15943.727538
[01:23:13] [worker #0] Bootstrap tree #265, logLikelihood: -14360.005846
[01:23:19] [worker #8] Bootstrap tree #273, logLikelihood: -15512.929646
[01:23:20] [worker #6] Bootstrap tree #271, logLikelihood: -15553.680862
[01:23:22] [worker #1] Bootstrap tree #266, logLikelihood: -15360.487910
[01:23:42] [worker #5] Bootstrap tree #270, logLikelihood: -14810.708528
[01:24:16] [worker #2] Bootstrap tree #267, logLikelihood: -15755.137707
[01:24:23] [worker #11] Bootstrap tree #264, logLikelihood: -16222.464393
[01:24:27] [worker #4] Bootstrap tree #281, logLikelihood: -16475.872928
[01:24:51] [worker #7] Bootstrap tree #284, logLikelihood: -14987.545517
[01:25:34] [worker #9] Bootstrap tree #286, logLikelihood: -15550.760165
[01:25:40] [worker #0] Bootstrap tree #277, logLikelihood: -15478.987722
[01:25:42] [worker #8] Bootstrap tree #285, logLikelihood: -15484.370010
[01:25:46] [worker #6] Bootstrap tree #283, logLikelihood: -15588.498965
[01:26:04] [worker #10] Bootstrap tree #275, logLikelihood: -15596.668342
[01:26:30] [worker #3] Bootstrap tree #280, logLikelihood: -16606.255847
[01:26:39] [worker #2] Bootstrap tree #279, logLikelihood: -15944.208524
[01:26:45] [worker #1] Bootstrap tree #278, logLikelihood: -16102.410868
[01:26:46] [worker #4] Bootstrap tree #293, logLikelihood: -15574.959580
[01:27:06] [worker #11] Bootstrap tree #276, logLikelihood: -15556.821622
[01:27:26] [worker #5] Bootstrap tree #282, logLikelihood: -16387.726659
[01:28:00] [worker #9] Bootstrap tree #298, logLikelihood: -15594.711927
[01:28:01] [worker #0] Bootstrap tree #289, logLikelihood: -15134.434548
[01:28:11] [worker #8] Bootstrap tree #297, logLikelihood: -16327.375222
[01:28:33] [worker #6] Bootstrap tree #295, logLikelihood: -16728.415782
[01:29:08] [worker #7] Bootstrap tree #296, logLikelihood: -16635.811295
[01:29:11] [worker #10] Bootstrap tree #287, logLikelihood: -15924.244574
[01:29:14] [worker #1] Bootstrap tree #290, logLikelihood: -15130.291331
[01:29:23] [worker #11] Bootstrap tree #288, logLikelihood: -15685.859918
[01:29:45] [worker #2] Bootstrap tree #291, logLikelihood: -15111.295703
[01:30:03] [worker #5] Bootstrap tree #294, logLikelihood: -15160.419289
[01:30:24] [worker #3] Bootstrap tree #292, logLikelihood: -15580.024753
[01:31:24] [worker #10] Bootstrap tree #299, logLikelihood: -14522.105981
[01:32:18] [worker #11] Bootstrap tree #300, logLikelihood: -16015.906581
[01:34:43] [worker #1] Bootstrap tree #302, logLikelihood: -16646.412357
[01:34:45] [worker #5] Bootstrap tree #306, logLikelihood: -15435.733595
[01:34:47] [worker #4] Bootstrap tree #305, logLikelihood: -15948.224702
[01:34:48] [worker #8] Bootstrap tree #309, logLikelihood: -16058.033733
[01:34:52] [worker #7] Bootstrap tree #308, logLikelihood: -15259.598726
[01:34:54] [worker #2] Bootstrap tree #303, logLikelihood: -16615.474235
[01:34:54] [worker #6] Bootstrap tree #307, logLikelihood: -15662.554179
[01:35:01] [worker #10] Bootstrap tree #311, logLikelihood: -15892.334219
[01:35:11] [worker #0] Bootstrap tree #301, logLikelihood: -15751.476423
[01:35:11] [worker #11] Bootstrap tree #312, logLikelihood: -15512.816054
[01:35:17] [worker #3] Bootstrap tree #304, logLikelihood: -15981.184305
[01:35:45] [worker #9] Bootstrap tree #310, logLikelihood: -15173.940644
[01:37:05] [worker #4] Bootstrap tree #317, logLikelihood: -15133.269695
[01:37:17] [worker #8] Bootstrap tree #321, logLikelihood: -15557.923972
[01:37:24] [worker #6] Bootstrap tree #319, logLikelihood: -15459.028708
[01:37:24] [worker #7] Bootstrap tree #320, logLikelihood: -16132.258474
[01:37:26] [worker #5] Bootstrap tree #318, logLikelihood: -16021.068190
[01:37:35] [worker #11] Bootstrap tree #324, logLikelihood: -15568.433460
[01:37:36] [worker #1] Bootstrap tree #314, logLikelihood: -15579.798349
[01:37:56] [worker #3] Bootstrap tree #316, logLikelihood: -15944.958461
[01:38:04] [worker #2] Bootstrap tree #315, logLikelihood: -15162.080767
[01:38:14] [worker #0] Bootstrap tree #313, logLikelihood: -15967.584956
[01:38:35] [worker #9] Bootstrap tree #322, logLikelihood: -15338.643809
[01:39:53] [worker #8] Bootstrap tree #333, logLikelihood: -16283.580434
[01:39:55] [worker #6] Bootstrap tree #331, logLikelihood: -15903.694427
[01:39:57] [worker #5] Bootstrap tree #330, logLikelihood: -15647.055006
[01:39:57] [worker #4] Bootstrap tree #329, logLikelihood: -16101.322607
[01:40:12] [worker #11] Bootstrap tree #336, logLikelihood: -15213.101305
[01:40:18] [worker #10] Bootstrap tree #323, logLikelihood: -16688.272515
[01:40:26] [worker #0] Bootstrap tree #325, logLikelihood: -15760.655993
[01:40:35] [worker #1] Bootstrap tree #326, logLikelihood: -16340.243397
[01:40:35] [worker #3] Bootstrap tree #328, logLikelihood: -15762.695615
[01:40:37] [worker #2] Bootstrap tree #327, logLikelihood: -15219.362196
[01:40:37] [worker #7] Bootstrap tree #332, logLikelihood: -15920.254853
[01:41:43] [worker #9] Bootstrap tree #334, logLikelihood: -15226.008500
[01:42:30] [worker #6] Bootstrap tree #343, logLikelihood: -14065.913421
[01:42:37] [worker #11] Bootstrap tree #348, logLikelihood: -15295.493044
[01:42:42] [worker #8] Bootstrap tree #345, logLikelihood: -15759.646280
[01:42:57] [worker #0] Bootstrap tree #337, logLikelihood: -15334.475489
[01:42:58] [worker #10] Bootstrap tree #335, logLikelihood: -16213.326902
[01:43:05] [worker #5] Bootstrap tree #342, logLikelihood: -15794.276788
[01:43:14] [worker #4] Bootstrap tree #341, logLikelihood: -16377.338489
[01:43:20] [worker #2] Bootstrap tree #339, logLikelihood: -14674.416771
[01:43:23] [worker #1] Bootstrap tree #338, logLikelihood: -15131.329001
[01:43:46] [worker #7] Bootstrap tree #344, logLikelihood: -15035.955245
[01:44:00] [worker #3] Bootstrap tree #340, logLikelihood: -16184.139169
[01:44:22] [worker #9] Bootstrap tree #346, logLikelihood: -15532.936691
[01:45:14] [worker #0] Bootstrap tree #349, logLikelihood: -15857.616907
[01:45:37] [worker #10] Bootstrap tree #347, logLikelihood: -15655.989857
[01:46:54] [worker #1] Bootstrap tree #350, logLikelihood: -15561.734220
[01:49:13] [worker #10] Bootstrap tree #359, logLikelihood: -14776.987160
[01:49:16] [worker #0] Bootstrap tree #361, logLikelihood: -14881.065401
[01:49:19] [worker #2] Bootstrap tree #351, logLikelihood: -16102.500622
[01:49:20] [worker #5] Bootstrap tree #354, logLikelihood: -15844.286323
[01:49:20] [worker #7] Bootstrap tree #356, logLikelihood: -15430.881336
[01:49:21] [worker #6] Bootstrap tree #355, logLikelihood: -14767.891863
[01:49:23] [worker #1] Bootstrap tree #362, logLikelihood: -15352.288541
[01:49:25] [worker #4] Bootstrap tree #353, logLikelihood: -15489.166641
[01:49:44] [worker #9] Bootstrap tree #358, logLikelihood: -16710.698830
[01:49:45] [worker #3] Bootstrap tree #352, logLikelihood: -15776.657918
[01:49:47] [worker #8] Bootstrap tree #357, logLikelihood: -15331.465927
[01:51:18] [worker #11] Bootstrap tree #360, logLikelihood: -15718.884413
[01:51:38] [worker #5] Bootstrap tree #366, logLikelihood: -14840.709594
[01:51:41] [worker #2] Bootstrap tree #363, logLikelihood: -14870.418490
[01:51:46] [worker #7] Bootstrap tree #368, logLikelihood: -15600.356039
[01:51:58] [worker #1] Bootstrap tree #374, logLikelihood: -15698.687745
[01:51:59] [worker #10] Bootstrap tree #371, logLikelihood: -15953.423201
[01:52:01] [worker #6] Bootstrap tree #367, logLikelihood: -14529.293907
[01:52:19] [worker #4] Bootstrap tree #365, logLikelihood: -16237.353858
[01:52:22] [worker #3] Bootstrap tree #364, logLikelihood: -14746.576303
[01:52:36] [worker #0] Bootstrap tree #373, logLikelihood: -15112.036014
[01:53:05] [worker #9] Bootstrap tree #370, logLikelihood: -15475.630972
[01:53:47] [worker #8] Bootstrap tree #369, logLikelihood: -15828.892046
[01:53:50] [worker #11] Bootstrap tree #372, logLikelihood: -15503.979692
[01:54:03] [worker #2] Bootstrap tree #375, logLikelihood: -15377.111823
[01:54:16] [worker #1] Bootstrap tree #386, logLikelihood: -15257.023573
[01:54:28] [worker #6] Bootstrap tree #379, logLikelihood: -15310.302928
[01:54:31] [worker #5] Bootstrap tree #378, logLikelihood: -15271.484172
[01:54:32] [worker #10] Bootstrap tree #383, logLikelihood: -15417.727641
[01:54:49] [worker #3] Bootstrap tree #376, logLikelihood: -15161.468150
[01:55:11] [worker #0] Bootstrap tree #385, logLikelihood: -15496.884570
[01:55:12] [worker #7] Bootstrap tree #380, logLikelihood: -14273.972523
[01:55:26] [worker #4] Bootstrap tree #377, logLikelihood: -14813.926343
[01:55:36] [worker #9] Bootstrap tree #382, logLikelihood: -15466.663406
[01:56:01] [worker #8] Bootstrap tree #381, logLikelihood: -15385.243895
[01:56:22] [worker #11] Bootstrap tree #384, logLikelihood: -15514.374305
[01:56:26] [worker #2] Bootstrap tree #387, logLikelihood: -15802.826002
[01:57:09] [worker #10] Bootstrap tree #395, logLikelihood: -15074.925608
[01:57:20] [worker #6] Bootstrap tree #391, logLikelihood: -14261.371408
[01:57:31] [worker #5] Bootstrap tree #390, logLikelihood: -15534.484156
[01:57:37] [worker #4] Bootstrap tree #389, logLikelihood: -15948.116932
[01:57:37] [worker #1] Bootstrap tree #398, logLikelihood: -15615.091071
[01:57:38] [worker #3] Bootstrap tree #388, logLikelihood: -15887.926791
[01:57:48] [worker #9] Bootstrap tree #394, logLikelihood: -14635.737593
[01:58:09] [worker #0] Bootstrap tree #397, logLikelihood: -15922.370822
[01:58:22] [worker #7] Bootstrap tree #392, logLikelihood: -15133.211682
[01:58:34] [worker #8] Bootstrap tree #393, logLikelihood: -15498.162655
[01:58:45] [worker #2] Bootstrap tree #399, logLikelihood: -14921.970815
[01:59:56] [worker #11] Bootstrap tree #396, logLikelihood: -15079.995994
[02:00:22] [worker #3] Bootstrap tree #400, logLikelihood: -15593.214676
[02:02:45] [worker #10] Bootstrap tree #407, logLikelihood: -14833.869891
[02:02:46] [worker #11] Bootstrap tree #408, logLikelihood: -15939.906230
[02:02:49] [worker #4] Bootstrap tree #401, logLikelihood: -14896.457002
[02:02:51] [worker #3] Bootstrap tree #412, logLikelihood: -15917.304578
[02:03:05] [worker #0] Bootstrap tree #409, logLikelihood: -16304.466789
[02:03:05] [worker #2] Bootstrap tree #411, logLikelihood: -15447.612292
[02:03:07] [worker #5] Bootstrap tree #402, logLikelihood: -15851.065785
[02:03:10] [worker #7] Bootstrap tree #404, logLikelihood: -15614.863333
[02:03:10] [worker #1] Bootstrap tree #410, logLikelihood: -16210.726761
[02:03:19] [worker #8] Bootstrap tree #405, logLikelihood: -15886.889288
[02:03:19] [worker #9] Bootstrap tree #406, logLikelihood: -16413.469666
[02:03:24] [worker #6] Bootstrap tree #403, logLikelihood: -14543.011080
[02:05:32] [worker #4] Bootstrap tree #413, logLikelihood: -16110.341951
[02:05:39] [worker #11] Bootstrap tree #420, logLikelihood: -16227.032288
[02:05:43] [worker #1] Bootstrap tree #422, logLikelihood: -16036.157314
[02:05:46] [worker #3] Bootstrap tree #424, logLikelihood: -16154.213990
[02:05:47] [worker #0] Bootstrap tree #421, logLikelihood: -15963.259015
[02:05:48] [worker #5] Bootstrap tree #414, logLikelihood: -15822.706217
[02:05:49] [worker #8] Bootstrap tree #417, logLikelihood: -15904.869724
[02:05:50] [worker #2] Bootstrap tree #423, logLikelihood: -15168.422561
[02:05:56] [worker #7] Bootstrap tree #416, logLikelihood: -15740.114905
[02:06:10] [worker #6] Bootstrap tree #415, logLikelihood: -16077.905278
[02:06:26] [worker #10] Bootstrap tree #419, logLikelihood: -15802.348844
[02:06:27] [worker #9] Bootstrap tree #418, logLikelihood: -15314.444034
[02:08:02] [worker #11] Bootstrap tree #432, logLikelihood: -16345.843040
[02:08:02] [worker #0] Bootstrap tree #433, logLikelihood: -14516.970883
[02:08:03] [worker #3] Bootstrap tree #436, logLikelihood: -15776.846880
[02:08:07] [worker #1] Bootstrap tree #434, logLikelihood: -14883.273305
[02:08:36] [worker #6] Bootstrap tree #427, logLikelihood: -15365.010936
[02:08:38] [worker #8] Bootstrap tree #429, logLikelihood: -16120.214193
[02:08:38] [worker #7] Bootstrap tree #428, logLikelihood: -16064.192566
[02:08:40] [worker #4] Bootstrap tree #425, logLikelihood: -15205.599952
[02:08:46] [worker #10] Bootstrap tree #431, logLikelihood: -16481.338995
[02:09:01] [worker #5] Bootstrap tree #426, logLikelihood: -15461.493018
[02:09:23] [worker #9] Bootstrap tree #430, logLikelihood: -15519.754972
[02:09:40] [worker #2] Bootstrap tree #435, logLikelihood: -14946.082889
[02:10:29] [worker #11] Bootstrap tree #444, logLikelihood: -15554.933754
[02:10:31] [worker #3] Bootstrap tree #448, logLikelihood: -16109.069633
[02:11:07] [worker #8] Bootstrap tree #441, logLikelihood: -15573.880410
[02:11:07] [worker #1] Bootstrap tree #446, logLikelihood: -14674.868388
[02:11:08] [worker #7] Bootstrap tree #440, logLikelihood: -15683.029769
[02:11:08] [worker #10] Bootstrap tree #443, logLikelihood: -15371.639915
[02:11:12] [worker #6] Bootstrap tree #439, logLikelihood: -15488.565104
[02:11:27] [worker #0] Bootstrap tree #445, logLikelihood: -15530.172563
[02:11:27] [worker #4] Bootstrap tree #437, logLikelihood: -16804.997715
[02:11:40] [worker #5] Bootstrap tree #438, logLikelihood: -15718.210484
[02:11:52] [worker #9] Bootstrap tree #442, logLikelihood: -15931.328505
[02:12:04] [worker #2] Bootstrap tree #447, logLikelihood: -15920.853777
[02:13:56] [worker #5] Bootstrap tree #450, logLikelihood: -15239.314451
[02:14:39] [worker #4] Bootstrap tree #449, logLikelihood: -15444.478848
[02:16:58] [worker #11] Bootstrap tree #456, logLikelihood: -15240.815057
[02:17:02] [worker #3] Bootstrap tree #460, logLikelihood: -15252.575420
[02:17:06] [worker #8] Bootstrap tree #453, logLikelihood: -15815.470316
[02:17:10] [worker #2] Bootstrap tree #459, logLikelihood: -15963.094168
[02:17:15] [worker #9] Bootstrap tree #454, logLikelihood: -15831.039679
[02:17:25] [worker #1] Bootstrap tree #458, logLikelihood: -15883.553702
[02:17:44] [worker #0] Bootstrap tree #457, logLikelihood: -15845.875363
[02:17:49] [worker #6] Bootstrap tree #451, logLikelihood: -15067.586901
[02:17:49] [worker #5] Bootstrap tree #462, logLikelihood: -16529.613774
[02:17:57] [worker #7] Bootstrap tree #452, logLikelihood: -15439.754142
[02:18:07] [worker #10] Bootstrap tree #455, logLikelihood: -15774.405332
[02:18:11] [worker #4] Bootstrap tree #461, logLikelihood: -15040.432651
[02:19:22] [worker #11] Bootstrap tree #468, logLikelihood: -15513.343217
[02:19:37] [worker #2] Bootstrap tree #471, logLikelihood: -15255.890199
[02:19:40] [worker #3] Bootstrap tree #472, logLikelihood: -15690.457324
[02:19:42] [worker #8] Bootstrap tree #465, logLikelihood: -15530.714904
[02:19:47] [worker #9] Bootstrap tree #466, logLikelihood: -14880.964889
[02:20:09] [worker #1] Bootstrap tree #470, logLikelihood: -14856.234078
[02:20:20] [worker #7] Bootstrap tree #464, logLikelihood: -15704.674665
[02:20:24] [worker #6] Bootstrap tree #463, logLikelihood: -15112.923974
[02:20:35] [worker #10] Bootstrap tree #467, logLikelihood: -14030.087348
[02:20:42] [worker #0] Bootstrap tree #469, logLikelihood: -15762.285904
[02:20:52] [worker #4] Bootstrap tree #473, logLikelihood: -15698.854526
[02:21:11] [worker #5] Bootstrap tree #474, logLikelihood: -15601.984940
[02:21:58] [worker #8] Bootstrap tree #477, logLikelihood: -15512.765666
[02:22:10] [worker #11] Bootstrap tree #480, logLikelihood: -15534.924103
[02:22:14] [worker #2] Bootstrap tree #483, logLikelihood: -15320.354176
[02:22:31] [worker #1] Bootstrap tree #482, logLikelihood: -15670.496351
[02:22:36] [worker #7] Bootstrap tree #476, logLikelihood: -15221.429761
[02:22:45] [worker #9] Bootstrap tree #478, logLikelihood: -15442.882328
[02:22:59] [worker #0] Bootstrap tree #481, logLikelihood: -15925.038752
[02:23:00] [worker #6] Bootstrap tree #475, logLikelihood: -15501.629610
[02:23:06] [worker #3] Bootstrap tree #484, logLikelihood: -15662.408433
[02:23:16] [worker #4] Bootstrap tree #485, logLikelihood: -15640.223120
[02:23:24] [worker #10] Bootstrap tree #479, logLikelihood: -15334.845453
[02:24:04] [worker #5] Bootstrap tree #486, logLikelihood: -15376.310604
[02:24:11] [worker #8] Bootstrap tree #489, logLikelihood: -15170.453752
[02:24:38] [worker #2] Bootstrap tree #495, logLikelihood: -15150.185243
[02:24:48] [worker #11] Bootstrap tree #492, logLikelihood: -15430.588122
[02:25:12] [worker #7] Bootstrap tree #488, logLikelihood: -15884.535226
[02:25:17] [worker #3] Bootstrap tree #496, logLikelihood: -15577.915088
[02:25:17] [worker #9] Bootstrap tree #490, logLikelihood: -16088.292621
[02:25:28] [worker #6] Bootstrap tree #487, logLikelihood: -16184.184580
[02:25:31] [worker #1] Bootstrap tree #494, logLikelihood: -15740.869672
[02:25:42] [worker #10] Bootstrap tree #491, logLikelihood: -15948.531585
[02:25:44] [worker #4] Bootstrap tree #497, logLikelihood: -15267.664240
[02:25:46] [worker #0] Bootstrap tree #493, logLikelihood: -15696.858843
[02:26:38] [worker #5] Bootstrap tree #498, logLikelihood: -15398.208249
[02:27:23] [worker #7] Bootstrap tree #500, logLikelihood: -15485.220191
[02:29:15] [worker #6] Bootstrap tree #499, logLikelihood: -15513.585256
[02:31:31] [worker #1] Bootstrap tree #506, logLikelihood: -15405.875451
[02:31:34] [worker #2] Bootstrap tree #507, logLikelihood: -15097.111475
[02:31:44] [worker #7] Bootstrap tree #512, logLikelihood: -15371.825753
[02:31:51] [worker #3] Bootstrap tree #508, logLikelihood: -14957.887015
[02:32:00] [worker #11] Bootstrap tree #504, logLikelihood: -14943.007458
[02:32:02] [worker #10] Bootstrap tree #503, logLikelihood: -15374.727473
[02:32:03] [worker #6] Bootstrap tree #511, logLikelihood: -16044.605763
[02:32:14] [worker #8] Bootstrap tree #501, logLikelihood: -14820.858588
[02:33:05] [worker #9] Bootstrap tree #502, logLikelihood: -15990.066670
[02:33:06] [worker #5] Bootstrap tree #510, logLikelihood: -15959.754371
[02:33:07] [worker #0] Bootstrap tree #505, logLikelihood: -16004.846148
[02:33:19] [worker #4] Bootstrap tree #509, logLikelihood: -15891.535713
[02:33:49] [worker #1] Bootstrap tree #518, logLikelihood: -15455.454366
[02:34:30] [worker #2] Bootstrap tree #519, logLikelihood: -15275.882776
[02:34:32] [worker #11] Bootstrap tree #516, logLikelihood: -15288.380129
[02:34:40] [worker #7] Bootstrap tree #524, logLikelihood: -15226.174259
[02:34:47] [worker #3] Bootstrap tree #520, logLikelihood: -15865.902867
[02:34:47] [worker #8] Bootstrap tree #513, logLikelihood: -15890.141544
[02:35:07] [worker #10] Bootstrap tree #515, logLikelihood: -15889.767506
[02:35:22] [worker #0] Bootstrap tree #517, logLikelihood: -15734.084518
[02:35:57] [worker #4] Bootstrap tree #521, logLikelihood: -15284.196875
[02:35:59] [worker #5] Bootstrap tree #522, logLikelihood: -15690.129227
[02:36:05] [worker #1] Bootstrap tree #530, logLikelihood: -14940.825601
[02:36:05] [worker #6] Bootstrap tree #523, logLikelihood: -15246.368366
[02:36:52] [worker #11] Bootstrap tree #528, logLikelihood: -14852.695805
[02:36:52] [worker #9] Bootstrap tree #514, logLikelihood: -15171.384403
[02:36:58] [worker #2] Bootstrap tree #531, logLikelihood: -15381.803146
[02:37:10] [worker #3] Bootstrap tree #532, logLikelihood: -15238.194687
[02:37:16] [worker #7] Bootstrap tree #536, logLikelihood: -16568.062894
[02:38:06] [worker #10] Bootstrap tree #527, logLikelihood: -15354.924423
[02:38:17] [worker #0] Bootstrap tree #529, logLikelihood: -16211.543814
[02:38:28] [worker #8] Bootstrap tree #525, logLikelihood: -15955.826761
[02:38:35] [worker #6] Bootstrap tree #535, logLikelihood: -15423.105786
[02:38:45] [worker #1] Bootstrap tree #542, logLikelihood: -15484.378274
[02:38:52] [worker #4] Bootstrap tree #533, logLikelihood: -15570.715393
[02:39:14] [worker #5] Bootstrap tree #534, logLikelihood: -15283.631015
[02:39:24] [worker #11] Bootstrap tree #540, logLikelihood: -15674.220067
[02:40:01] [worker #3] Bootstrap tree #544, logLikelihood: -15846.810129
[02:40:18] [worker #9] Bootstrap tree #526, logLikelihood: -15378.952473
[02:40:32] [worker #10] Bootstrap tree #539, logLikelihood: -15172.237316
[02:40:37] [worker #7] Bootstrap tree #548, logLikelihood: -16128.201920
[02:40:49] [worker #2] Bootstrap tree #543, logLikelihood: -16063.628804
[02:40:53] [worker #0] Bootstrap tree #541, logLikelihood: -15412.062586
[02:41:00] [worker #6] Bootstrap tree #547, logLikelihood: -16494.092902
[02:41:06] [worker #8] Bootstrap tree #537, logLikelihood: -15737.255397
[02:41:15] [worker #4] Bootstrap tree #545, logLikelihood: -15964.240676
[02:41:42] [worker #5] Bootstrap tree #546, logLikelihood: -15488.676203
[02:42:40] [worker #9] Bootstrap tree #538, logLikelihood: -15186.234471
[02:43:13] [worker #8] Bootstrap tree #549, logLikelihood: -15240.429425
[02:45:02] [worker #9] Bootstrap tree #550, logLikelihood: -15342.873150
[02:47:22] [worker #3] Bootstrap tree #556, logLikelihood: -14938.720726
[02:47:22] [worker #6] Bootstrap tree #559, logLikelihood: -15982.913600
[02:47:30] [worker #2] Bootstrap tree #555, logLikelihood: -15146.950353
[02:47:32] [worker #9] Bootstrap tree #562, logLikelihood: -15331.063448
[02:47:33] [worker #1] Bootstrap tree #554, logLikelihood: -15989.917136
[02:47:42] [worker #4] Bootstrap tree #557, logLikelihood: -15238.127722
[02:47:48] [worker #0] Bootstrap tree #553, logLikelihood: -15683.786323
[02:47:48] [worker #11] Bootstrap tree #552, logLikelihood: -16208.627000
[02:47:53] [worker #10] Bootstrap tree #551, logLikelihood: -14360.505999
[02:48:02] [worker #5] Bootstrap tree #558, logLikelihood: -15166.219210
[02:48:22] [worker #8] Bootstrap tree #561, logLikelihood: -15890.918527
[02:49:29] [worker #7] Bootstrap tree #560, logLikelihood: -15560.804292
[02:49:53] [worker #2] Bootstrap tree #567, logLikelihood: -15830.146406
[02:49:54] [worker #1] Bootstrap tree #566, logLikelihood: -15134.933758
[02:50:03] [worker #4] Bootstrap tree #569, logLikelihood: -16030.112747
[02:50:06] [worker #6] Bootstrap tree #571, logLikelihood: -15321.563563
[02:50:15] [worker #11] Bootstrap tree #564, logLikelihood: -16019.061189
[02:50:17] [worker #10] Bootstrap tree #563, logLikelihood: -15531.761832
[02:50:33] [worker #3] Bootstrap tree #568, logLikelihood: -15043.070906
[02:50:58] [worker #9] Bootstrap tree #574, logLikelihood: -15030.193085
[02:51:25] [worker #8] Bootstrap tree #573, logLikelihood: -15702.697485
[02:51:26] [worker #5] Bootstrap tree #570, logLikelihood: -15320.514342
[02:51:37] [worker #0] Bootstrap tree #565, logLikelihood: -15633.106835
[02:52:01] [worker #2] Bootstrap tree #579, logLikelihood: -15828.990499
[02:52:28] [worker #1] Bootstrap tree #578, logLikelihood: -15646.585063
[02:52:33] [worker #7] Bootstrap tree #572, logLikelihood: -15313.991736
[02:52:35] [worker #4] Bootstrap tree #581, logLikelihood: -15317.805887
[02:52:43] [worker #11] Bootstrap tree #576, logLikelihood: -15804.493941
[02:52:58] [worker #10] Bootstrap tree #575, logLikelihood: -15498.372067
[02:52:59] [worker #6] Bootstrap tree #583, logLikelihood: -15806.468353
[02:53:07] [worker #3] Bootstrap tree #580, logLikelihood: -15287.357403
[02:53:11] [worker #9] Bootstrap tree #586, logLikelihood: -15338.283025
[02:53:48] [worker #8] Bootstrap tree #585, logLikelihood: -15646.473668
[02:53:53] [worker #0] Bootstrap tree #577, logLikelihood: -14990.038962
[02:53:58] [worker #5] Bootstrap tree #582, logLikelihood: -15125.293391
[02:54:13] [worker #2] Bootstrap tree #591, logLikelihood: -15126.544873
[02:54:56] [worker #4] Bootstrap tree #593, logLikelihood: -14984.153547
[02:55:07] [worker #11] Bootstrap tree #588, logLikelihood: -15217.492691
[02:55:11] [worker #1] Bootstrap tree #590, logLikelihood: -15319.207996
[02:55:19] [worker #6] Bootstrap tree #595, logLikelihood: -16222.546699
[02:55:23] [worker #10] Bootstrap tree #587, logLikelihood: -15894.014188
[02:55:37] [worker #3] Bootstrap tree #592, logLikelihood: -15477.772523
[02:55:46] [worker #7] Bootstrap tree #584, logLikelihood: -15302.846304
[02:55:49] [worker #9] Bootstrap tree #598, logLikelihood: -15154.379567
[02:56:11] [worker #5] Bootstrap tree #594, logLikelihood: -15937.763661
[02:56:42] [worker #8] Bootstrap tree #597, logLikelihood: -15365.446943
[02:56:47] [worker #0] Bootstrap tree #589, logLikelihood: -15311.471428
[02:57:42] [worker #11] Bootstrap tree #600, logLikelihood: -15766.634863
[02:57:51] [worker #7] Bootstrap tree #596, logLikelihood: -15022.830094
[02:58:41] [worker #10] Bootstrap tree #599, logLikelihood: -15626.040763
[03:01:11] [worker #6] Bootstrap tree #607, logLikelihood: -15355.701044
[03:01:16] [worker #8] Bootstrap tree #609, logLikelihood: -15360.364112
[03:01:32] [worker #1] Bootstrap tree #602, logLikelihood: -16517.484136
[03:01:42] [worker #10] Bootstrap tree #611, logLikelihood: -16435.594421
[03:01:43] [worker #5] Bootstrap tree #606, logLikelihood: -15033.037185
[03:01:44] [worker #2] Bootstrap tree #603, logLikelihood: -15657.383457
[03:01:45] [worker #7] Bootstrap tree #608, logLikelihood: -15080.976905
[03:01:46] [worker #0] Bootstrap tree #601, logLikelihood: -15540.051198
[03:01:47] [worker #4] Bootstrap tree #605, logLikelihood: -15451.001456
[03:01:48] [worker #9] Bootstrap tree #610, logLikelihood: -15012.714981
[03:01:53] [worker #11] Bootstrap tree #612, logLikelihood: -15479.751944
[03:01:54] [worker #3] Bootstrap tree #604, logLikelihood: -15067.266116
[03:03:59] [worker #6] Bootstrap tree #619, logLikelihood: -15287.697723
[03:04:01] [worker #1] Bootstrap tree #614, logLikelihood: -15269.006824
[03:04:05] [worker #2] Bootstrap tree #615, logLikelihood: -16008.278895
[03:04:13] [worker #0] Bootstrap tree #613, logLikelihood: -15209.892702
[03:04:14] [worker #5] Bootstrap tree #618, logLikelihood: -15458.967988
[03:04:14] [worker #7] Bootstrap tree #620, logLikelihood: -16226.534742
[03:04:26] [worker #11] Bootstrap tree #624, logLikelihood: -15615.375931
[03:04:27] [worker #3] Bootstrap tree #616, logLikelihood: -16092.655472
[03:04:30] [worker #9] Bootstrap tree #622, logLikelihood: -16229.564738
[03:05:06] [worker #4] Bootstrap tree #617, logLikelihood: -15386.764237
[03:05:43] [worker #8] Bootstrap tree #621, logLikelihood: -15664.437856
[03:06:00] [worker #10] Bootstrap tree #623, logLikelihood: -15999.336117
[03:06:18] [worker #6] Bootstrap tree #631, logLikelihood: -15557.424776
[03:06:41] [worker #2] Bootstrap tree #627, logLikelihood: -15429.502899
[03:06:41] [worker #7] Bootstrap tree #632, logLikelihood: -15475.055785
[03:06:43] [worker #0] Bootstrap tree #625, logLikelihood: -14616.063317
[03:06:56] [worker #5] Bootstrap tree #630, logLikelihood: -15714.298923
[03:07:02] [worker #1] Bootstrap tree #626, logLikelihood: -15501.087067
[03:07:12] [worker #3] Bootstrap tree #628, logLikelihood: -15623.637252
[03:07:27] [worker #11] Bootstrap tree #636, logLikelihood: -15337.495925
[03:07:44] [worker #8] Bootstrap tree #633, logLikelihood: -15893.676180
[03:08:02] [worker #9] Bootstrap tree #634, logLikelihood: -15286.473786
[03:08:11] [worker #10] Bootstrap tree #635, logLikelihood: -15077.502938
[03:08:30] [worker #4] Bootstrap tree #629, logLikelihood: -15141.690862
[03:08:49] [worker #6] Bootstrap tree #643, logLikelihood: -15612.560056
[03:09:11] [worker #7] Bootstrap tree #644, logLikelihood: -15220.119242
[03:09:21] [worker #2] Bootstrap tree #639, logLikelihood: -15829.208760
[03:09:29] [worker #5] Bootstrap tree #642, logLikelihood: -15672.164767
[03:09:37] [worker #1] Bootstrap tree #638, logLikelihood: -14832.531738
[03:09:39] [worker #3] Bootstrap tree #640, logLikelihood: -14701.264454
[03:10:15] [worker #11] Bootstrap tree #648, logLikelihood: -15792.300981
[03:10:31] [worker #9] Bootstrap tree #646, logLikelihood: -16039.337947
[03:10:38] [worker #0] Bootstrap tree #637, logLikelihood: -15710.732539
[03:10:53] [worker #8] Bootstrap tree #645, logLikelihood: -15538.638458
[03:11:26] [worker #10] Bootstrap tree #647, logLikelihood: -15847.441158
[03:12:09] [worker #4] Bootstrap tree #641, logLikelihood: -15823.474695
[03:12:36] [worker #1] Bootstrap tree #650, logLikelihood: -15556.701336
[03:13:06] [worker #0] Bootstrap tree #649, logLikelihood: -15802.057220
[03:15:23] [worker #6] Bootstrap tree #655, logLikelihood: -15605.965473
[03:15:26] [worker #5] Bootstrap tree #654, logLikelihood: -15379.947978
[03:15:28] [worker #8] Bootstrap tree #657, logLikelihood: -15630.885607
[03:15:29] [worker #0] Bootstrap tree #661, logLikelihood: -14529.786216
[03:15:34] [worker #3] Bootstrap tree #652, logLikelihood: -15467.481426
[03:15:34] [worker #11] Bootstrap tree #660, logLikelihood: -15323.276059
[03:15:36] [worker #2] Bootstrap tree #651, logLikelihood: -16338.027149
[03:15:45] [worker #1] Bootstrap tree #662, logLikelihood: -14544.053278
[03:15:55] [worker #7] Bootstrap tree #656, logLikelihood: -14528.728187
[03:15:56] [worker #10] Bootstrap tree #659, logLikelihood: -16001.701783
[03:16:14] [worker #4] Bootstrap tree #653, logLikelihood: -15092.630359
[03:16:15] [worker #9] Bootstrap tree #658, logLikelihood: -15240.537006
[03:17:38] [worker #6] Bootstrap tree #667, logLikelihood: -15313.732152
[03:17:56] [worker #8] Bootstrap tree #669, logLikelihood: -15535.505415
[03:18:01] [worker #11] Bootstrap tree #672, logLikelihood: -15669.207035
[03:18:03] [worker #2] Bootstrap tree #663, logLikelihood: -15490.499765
[03:18:05] [worker #5] Bootstrap tree #666, logLikelihood: -15680.492130
[03:18:11] [worker #10] Bootstrap tree #671, logLikelihood: -14828.252578
[03:18:13] [worker #0] Bootstrap tree #673, logLikelihood: -15563.196730
[03:18:25] [worker #3] Bootstrap tree #664, logLikelihood: -15684.110458
[03:18:43] [worker #9] Bootstrap tree #670, logLikelihood: -15960.677380
[03:18:44] [worker #7] Bootstrap tree #668, logLikelihood: -16298.060868
[03:19:09] [worker #1] Bootstrap tree #674, logLikelihood: -14923.746980
[03:19:14] [worker #4] Bootstrap tree #665, logLikelihood: -16030.350627
[03:20:06] [worker #6] Bootstrap tree #679, logLikelihood: -16161.487543
[03:20:45] [worker #11] Bootstrap tree #684, logLikelihood: -15839.898527
[03:20:46] [worker #2] Bootstrap tree #675, logLikelihood: -15852.858715
[03:20:47] [worker #8] Bootstrap tree #681, logLikelihood: -15511.869473
[03:21:05] [worker #9] Bootstrap tree #682, logLikelihood: -15081.746693
[03:21:19] [worker #10] Bootstrap tree #683, logLikelihood: -15398.043370
[03:21:33] [worker #1] Bootstrap tree #686, logLikelihood: -15188.988812
[03:21:41] [worker #7] Bootstrap tree #680, logLikelihood: -15210.203673
[03:21:41] [worker #4] Bootstrap tree #677, logLikelihood: -16249.439779
[03:21:53] [worker #5] Bootstrap tree #678, logLikelihood: -15799.937815
[03:22:00] [worker #0] Bootstrap tree #685, logLikelihood: -15821.192832
[03:22:44] [worker #3] Bootstrap tree #676, logLikelihood: -16281.247334
[03:22:47] [worker #6] Bootstrap tree #691, logLikelihood: -15031.386070
[03:23:01] [worker #11] Bootstrap tree #696, logLikelihood: -15836.582389
[03:23:16] [worker #2] Bootstrap tree #687, logLikelihood: -15296.624717
[03:23:36] [worker #8] Bootstrap tree #693, logLikelihood: -15477.679894
[03:23:53] [worker #10] Bootstrap tree #695, logLikelihood: -15465.484362
[03:24:03] [worker #7] Bootstrap tree #692, logLikelihood: -14697.590401
[03:24:06] [worker #9] Bootstrap tree #694, logLikelihood: -14993.642846
[03:24:31] [worker #5] Bootstrap tree #690, logLikelihood: -15269.285073
[03:24:38] [worker #1] Bootstrap tree #698, logLikelihood: -15520.049682
[03:24:39] [worker #0] Bootstrap tree #697, logLikelihood: -15202.322435
[03:25:28] [worker #2] Bootstrap tree #699, logLikelihood: -15901.316109
[03:25:46] [worker #3] Bootstrap tree #688, logLikelihood: -15689.824165
[03:26:12] [worker #4] Bootstrap tree #689, logLikelihood: -15771.877879
[03:27:58] [worker #3] Bootstrap tree #700, logLikelihood: -16461.201243
[03:30:03] [worker #1] Bootstrap tree #710, logLikelihood: -15119.903393
[03:30:14] [worker #11] Bootstrap tree #708, logLikelihood: -14923.828323
[03:30:19] [worker #2] Bootstrap tree #711, logLikelihood: -16217.499641
[03:30:21] [worker #7] Bootstrap tree #704, logLikelihood: -15666.607602
[03:30:22] [worker #0] Bootstrap tree #709, logLikelihood: -15561.908537
[03:30:28] [worker #3] Bootstrap tree #712, logLikelihood: -16194.871058
[03:30:30] [worker #4] Bootstrap tree #701, logLikelihood: -15965.351406
[03:30:44] [worker #6] Bootstrap tree #703, logLikelihood: -15598.034967
[03:30:57] [worker #5] Bootstrap tree #702, logLikelihood: -15495.423252
[03:31:17] [worker #9] Bootstrap tree #706, logLikelihood: -16040.752290
[03:31:18] [worker #8] Bootstrap tree #705, logLikelihood: -16411.241545
[03:32:02] [worker #10] Bootstrap tree #707, logLikelihood: -16717.731744
[03:32:46] [worker #11] Bootstrap tree #720, logLikelihood: -15685.661242
[03:32:49] [worker #4] Bootstrap tree #713, logLikelihood: -14741.033094
[03:32:56] [worker #2] Bootstrap tree #723, logLikelihood: -15193.471404
[03:32:57] [worker #1] Bootstrap tree #722, logLikelihood: -15702.726065
[03:33:03] [worker #6] Bootstrap tree #715, logLikelihood: -15289.131605
[03:33:06] [worker #7] Bootstrap tree #716, logLikelihood: -15575.492493
[03:33:30] [worker #3] Bootstrap tree #724, logLikelihood: -16049.673721
[03:33:41] [worker #8] Bootstrap tree #717, logLikelihood: -15672.172359
[03:34:11] [worker #5] Bootstrap tree #714, logLikelihood: -15745.336596
[03:34:14] [worker #10] Bootstrap tree #719, logLikelihood: -15707.502317
[03:34:37] [worker #0] Bootstrap tree #721, logLikelihood: -15863.163332
[03:34:44] [worker #9] Bootstrap tree #718, logLikelihood: -16019.484517
[03:35:09] [worker #2] Bootstrap tree #735, logLikelihood: -15847.935651
[03:35:21] [worker #11] Bootstrap tree #732, logLikelihood: -15349.444678
[03:35:23] [worker #4] Bootstrap tree #725, logLikelihood: -16043.608297
[03:35:56] [worker #6] Bootstrap tree #727, logLikelihood: -15762.517420
[03:35:59] [worker #3] Bootstrap tree #736, logLikelihood: -16001.699799
[03:36:06] [worker #1] Bootstrap tree #734, logLikelihood: -15177.431897
[03:36:27] [worker #7] Bootstrap tree #728, logLikelihood: -15316.410364
[03:36:38] [worker #8] Bootstrap tree #729, logLikelihood: -15319.641502
[03:37:09] [worker #9] Bootstrap tree #730, logLikelihood: -15295.274190
[03:37:32] [worker #5] Bootstrap tree #726, logLikelihood: -15469.978023
[03:37:34] [worker #10] Bootstrap tree #731, logLikelihood: -16033.466006
[03:37:49] [worker #2] Bootstrap tree #747, logLikelihood: -15928.054798
[03:37:58] [worker #0] Bootstrap tree #733, logLikelihood: -15413.380947
[03:38:14] [worker #3] Bootstrap tree #748, logLikelihood: -14967.435539
[03:38:27] [worker #4] Bootstrap tree #737, logLikelihood: -16093.563853
[03:38:28] [worker #1] Bootstrap tree #746, logLikelihood: -15047.072507
[03:38:40] [worker #11] Bootstrap tree #744, logLikelihood: -15583.201592
[03:38:45] [worker #7] Bootstrap tree #740, logLikelihood: -15741.968159
[03:38:50] [worker #8] Bootstrap tree #741, logLikelihood: -14866.484545
[03:38:55] [worker #6] Bootstrap tree #739, logLikelihood: -15824.318004
[03:40:01] [worker #5] Bootstrap tree #738, logLikelihood: -16235.016397
[03:40:02] [worker #9] Bootstrap tree #742, logLikelihood: -15233.669678
[03:40:40] [worker #0] Bootstrap tree #745, logLikelihood: -16252.683190
[03:40:58] [worker #10] Bootstrap tree #743, logLikelihood: -15555.070746
[03:42:06] [worker #4] Bootstrap tree #749, logLikelihood: -15032.003172
[03:42:29] [worker #5] Bootstrap tree #750, logLikelihood: -14928.974493
[03:44:52] [worker #6] Bootstrap tree #751, logLikelihood: -15412.342031
[03:44:54] [worker #4] Bootstrap tree #761, logLikelihood: -16014.497956
[03:44:59] [worker #8] Bootstrap tree #753, logLikelihood: -14995.260447
[03:44:59] [worker #1] Bootstrap tree #758, logLikelihood: -16018.581769
[03:45:06] [worker #10] Bootstrap tree #755, logLikelihood: -15398.350980
[03:45:15] [worker #7] Bootstrap tree #752, logLikelihood: -15461.547924
[03:45:31] [worker #3] Bootstrap tree #760, logLikelihood: -15739.044388
[03:45:37] [worker #2] Bootstrap tree #759, logLikelihood: -14810.418059
[03:45:38] [worker #5] Bootstrap tree #762, logLikelihood: -15839.574096
[03:45:47] [worker #9] Bootstrap tree #754, logLikelihood: -15955.254394
[03:46:01] [worker #0] Bootstrap tree #757, logLikelihood: -15346.835632
[03:46:21] [worker #11] Bootstrap tree #756, logLikelihood: -15758.044664
[03:47:05] [worker #6] Bootstrap tree #763, logLikelihood: -15231.808450
[03:47:27] [worker #8] Bootstrap tree #765, logLikelihood: -15673.948678
[03:47:36] [worker #4] Bootstrap tree #773, logLikelihood: -15793.096063
[03:47:39] [worker #1] Bootstrap tree #770, logLikelihood: -16154.249109
[03:47:39] [worker #7] Bootstrap tree #764, logLikelihood: -14484.117540
[03:47:42] [worker #10] Bootstrap tree #767, logLikelihood: -16263.662239
[03:47:55] [worker #2] Bootstrap tree #771, logLikelihood: -14481.693320
[03:48:06] [worker #3] Bootstrap tree #772, logLikelihood: -15746.120772
[03:48:19] [worker #9] Bootstrap tree #766, logLikelihood: -15751.395411
[03:48:31] [worker #0] Bootstrap tree #769, logLikelihood: -15532.941374
[03:48:35] [worker #5] Bootstrap tree #774, logLikelihood: -15316.679259
[03:48:44] [worker #11] Bootstrap tree #768, logLikelihood: -15363.247639
[03:50:02] [worker #10] Bootstrap tree #779, logLikelihood: -14942.209648
[03:50:05] [worker #6] Bootstrap tree #775, logLikelihood: -15218.838418
[03:50:17] [worker #8] Bootstrap tree #777, logLikelihood: -15621.058658
[03:50:18] [worker #4] Bootstrap tree #785, logLikelihood: -15233.715554
[03:50:22] [worker #2] Bootstrap tree #783, logLikelihood: -15379.610819
[03:50:30] [worker #1] Bootstrap tree #782, logLikelihood: -14775.447277
[03:50:32] [worker #3] Bootstrap tree #784, logLikelihood: -15727.441995
[03:50:41] [worker #9] Bootstrap tree #778, logLikelihood: -15598.766070
[03:50:51] [worker #5] Bootstrap tree #786, logLikelihood: -15593.403660
[03:51:11] [worker #11] Bootstrap tree #780, logLikelihood: -15724.516261
[03:51:27] [worker #0] Bootstrap tree #781, logLikelihood: -15650.872283
[03:52:19] [worker #6] Bootstrap tree #787, logLikelihood: -15896.004939
[03:52:31] [worker #4] Bootstrap tree #797, logLikelihood: -16065.604841
[03:52:32] [worker #10] Bootstrap tree #791, logLikelihood: -14807.087802
[03:52:48] [worker #3] Bootstrap tree #796, logLikelihood: -14416.356100
[03:52:54] [worker #8] Bootstrap tree #789, logLikelihood: -16149.736165
[03:53:03] [worker #1] Bootstrap tree #794, logLikelihood: -16060.759074
[03:53:18] [worker #2] Bootstrap tree #795, logLikelihood: -15507.463539
[03:53:31] [worker #5] Bootstrap tree #798, logLikelihood: -15505.502984
[03:53:45] [worker #0] Bootstrap tree #793, logLikelihood: -15218.649244
[03:53:57] [worker #11] Bootstrap tree #792, logLikelihood: -16204.314512
[03:54:25] [worker #9] Bootstrap tree #790, logLikelihood: -15441.079200
[03:54:41] [worker #7] Bootstrap tree #776, logLikelihood: -15563.938800
[03:54:41] [worker #6] Bootstrap tree #799, logLikelihood: -15759.358571
[03:56:56] [worker #7] Bootstrap tree #788, logLikelihood: -15043.548927
[03:59:12] [worker #7] Bootstrap tree #800, logLikelihood: -15583.463579
[04:01:31] [worker #3] Bootstrap tree #808, logLikelihood: -15625.904752
[04:01:32] [worker #8] Bootstrap tree #801, logLikelihood: -15506.177987
[04:01:32] [worker #10] Bootstrap tree #803, logLikelihood: -15851.847301
[04:01:35] [worker #1] Bootstrap tree #806, logLikelihood: -16050.742715
[04:01:41] [worker #0] Bootstrap tree #805, logLikelihood: -15400.669420
[04:01:54] [worker #4] Bootstrap tree #809, logLikelihood: -15231.172643
[04:02:07] [worker #9] Bootstrap tree #802, logLikelihood: -15332.840509
[04:02:10] [worker #6] Bootstrap tree #811, logLikelihood: -15472.707507
[04:02:33] [worker #2] Bootstrap tree #807, logLikelihood: -15086.884050
[04:02:47] [worker #7] Bootstrap tree #812, logLikelihood: -15639.561942
[04:03:04] [worker #5] Bootstrap tree #810, logLikelihood: -14821.795056
[04:03:06] [worker #11] Bootstrap tree #804, logLikelihood: -15659.459242
[04:03:56] [worker #10] Bootstrap tree #815, logLikelihood: -15227.998046
[04:03:58] [worker #3] Bootstrap tree #820, logLikelihood: -15865.501486
[04:04:08] [worker #0] Bootstrap tree #817, logLikelihood: -16485.988522
[04:04:14] [worker #1] Bootstrap tree #818, logLikelihood: -15747.800480
[04:04:24] [worker #6] Bootstrap tree #823, logLikelihood: -16020.082485
[04:04:54] [worker #4] Bootstrap tree #821, logLikelihood: -15417.161722
[04:04:59] [worker #8] Bootstrap tree #813, logLikelihood: -15808.332497
[04:05:04] [worker #2] Bootstrap tree #819, logLikelihood: -15775.354158
[04:05:05] [worker #7] Bootstrap tree #824, logLikelihood: -15858.131850
[04:05:05] [worker #9] Bootstrap tree #814, logLikelihood: -15103.031897
[04:06:00] [worker #5] Bootstrap tree #822, logLikelihood: -15072.129749
[04:06:04] [worker #11] Bootstrap tree #816, logLikelihood: -16266.451793
[04:06:55] [worker #3] Bootstrap tree #832, logLikelihood: -16301.228771
[04:07:00] [worker #0] Bootstrap tree #829, logLikelihood: -16094.545037
[04:07:17] [worker #4] Bootstrap tree #833, logLikelihood: -16076.233347
[04:07:19] [worker #10] Bootstrap tree #827, logLikelihood: -15195.656159
[04:07:31] [worker #2] Bootstrap tree #831, logLikelihood: -15730.973512
[04:07:42] [worker #6] Bootstrap tree #835, logLikelihood: -16286.978337
[04:07:53] [worker #7] Bootstrap tree #836, logLikelihood: -15482.583627
[04:07:56] [worker #9] Bootstrap tree #826, logLikelihood: -15483.476889
[04:08:08] [worker #8] Bootstrap tree #825, logLikelihood: -15645.952143
[04:08:13] [worker #1] Bootstrap tree #830, logLikelihood: -15101.864050
[04:08:24] [worker #11] Bootstrap tree #828, logLikelihood: -15950.785881
[04:08:51] [worker #5] Bootstrap tree #834, logLikelihood: -15341.367808
[04:09:32] [worker #0] Bootstrap tree #841, logLikelihood: -15337.396059
[04:09:38] [worker #10] Bootstrap tree #839, logLikelihood: -15776.181582
[04:10:09] [worker #7] Bootstrap tree #848, logLikelihood: -15281.950494
[04:10:12] [worker #6] Bootstrap tree #847, logLikelihood: -15142.995894
[04:10:29] [worker #3] Bootstrap tree #844, logLikelihood: -14938.933958
[04:10:29] [worker #8] Bootstrap tree #837, logLikelihood: -15288.323983
[04:10:32] [worker #4] Bootstrap tree #845, logLikelihood: -15864.252491
[04:10:35] [worker #1] Bootstrap tree #842, logLikelihood: -15838.079664
[04:10:36] [worker #9] Bootstrap tree #838, logLikelihood: -14835.540897
[04:10:44] [worker #11] Bootstrap tree #840, logLikelihood: -15085.288582
[04:11:18] [worker #5] Bootstrap tree #846, logLikelihood: -16254.221449
[04:11:51] [worker #2] Bootstrap tree #843, logLikelihood: -15312.761460
[04:12:45] [worker #8] Bootstrap tree #849, logLikelihood: -14963.969564
[04:13:22] [worker #9] Bootstrap tree #850, logLikelihood: -15323.188398
[04:15:40] [worker #4] Bootstrap tree #857, logLikelihood: -14672.920689
[04:15:49] [worker #10] Bootstrap tree #851, logLikelihood: -16272.600957
[04:15:52] [worker #5] Bootstrap tree #858, logLikelihood: -15066.892309
[04:15:54] [worker #2] Bootstrap tree #855, logLikelihood: -15979.370626
[04:15:54] [worker #3] Bootstrap tree #856, logLikelihood: -15550.902290
[04:15:55] [worker #0] Bootstrap tree #853, logLikelihood: -15249.188944
[04:16:03] [worker #9] Bootstrap tree #862, logLikelihood: -15193.562120
[04:16:08] [worker #1] Bootstrap tree #854, logLikelihood: -14947.517507
[04:16:13] [worker #11] Bootstrap tree #852, logLikelihood: -15605.841821
[04:16:47] [worker #8] Bootstrap tree #861, logLikelihood: -15615.929160
[04:16:53] [worker #7] Bootstrap tree #860, logLikelihood: -15457.473660
[04:16:56] [worker #6] Bootstrap tree #859, logLikelihood: -15867.454596
[04:18:04] [worker #5] Bootstrap tree #870, logLikelihood: -14863.249397
[04:18:17] [worker #3] Bootstrap tree #868, logLikelihood: -15126.346717
[04:18:26] [worker #0] Bootstrap tree #865, logLikelihood: -15938.770567
[04:18:31] [worker #4] Bootstrap tree #869, logLikelihood: -16815.392404
[04:18:35] [worker #9] Bootstrap tree #874, logLikelihood: -15906.944428
[04:18:36] [worker #10] Bootstrap tree #863, logLikelihood: -16069.391905
[04:18:41] [worker #1] Bootstrap tree #866, logLikelihood: -14512.674343
[04:18:52] [worker #11] Bootstrap tree #864, logLikelihood: -15230.138206
[04:19:03] [worker #2] Bootstrap tree #867, logLikelihood: -15252.988275
[04:19:21] [worker #6] Bootstrap tree #871, logLikelihood: -15312.873938
[04:19:23] [worker #7] Bootstrap tree #872, logLikelihood: -15984.037539
[04:20:48] [worker #8] Bootstrap tree #873, logLikelihood: -16436.282144
[04:20:54] [worker #4] Bootstrap tree #881, logLikelihood: -15834.909461
[04:21:04] [worker #9] Bootstrap tree #886, logLikelihood: -15361.161092
[04:21:07] [worker #5] Bootstrap tree #882, logLikelihood: -15831.121403
[04:21:13] [worker #11] Bootstrap tree #876, logLikelihood: -14643.838274
[04:21:15] [worker #10] Bootstrap tree #875, logLikelihood: -15208.070016
[04:21:34] [worker #0] Bootstrap tree #877, logLikelihood: -15853.164075
[04:21:42] [worker #6] Bootstrap tree #883, logLikelihood: -16232.428273
[04:21:50] [worker #2] Bootstrap tree #879, logLikelihood: -15705.194699
[04:21:54] [worker #3] Bootstrap tree #880, logLikelihood: -15387.701617
[04:22:22] [worker #1] Bootstrap tree #878, logLikelihood: -15402.529818
[04:22:32] [worker #7] Bootstrap tree #884, logLikelihood: -15848.507673
[04:23:20] [worker #8] Bootstrap tree #885, logLikelihood: -15826.969600
[04:23:28] [worker #9] Bootstrap tree #898, logLikelihood: -15093.298731
[04:23:40] [worker #5] Bootstrap tree #894, logLikelihood: -16025.795786
[04:23:41] [worker #4] Bootstrap tree #893, logLikelihood: -15894.520007
[04:23:43] [worker #11] Bootstrap tree #888, logLikelihood: -15302.827460
[04:24:00] [worker #10] Bootstrap tree #887, logLikelihood: -15397.991758
[04:24:08] [worker #2] Bootstrap tree #891, logLikelihood: -14813.161666
[04:24:15] [worker #3] Bootstrap tree #892, logLikelihood: -15335.920353
[04:24:21] [worker #6] Bootstrap tree #895, logLikelihood: -15918.367045
[04:24:39] [worker #0] Bootstrap tree #889, logLikelihood: -15631.385726
[04:24:52] [worker #1] Bootstrap tree #890, logLikelihood: -15880.374554
[04:25:47] [worker #8] Bootstrap tree #897, logLikelihood: -15395.068349
[04:25:58] [worker #10] Bootstrap tree #899, logLikelihood: -16089.069693
[04:26:11] [worker #11] Bootstrap tree #900, logLikelihood: -15371.879309
[04:26:11] [worker #7] Bootstrap tree #896, logLikelihood: -15789.624314
[04:28:30] [worker #0] Bootstrap tree #901, logLikelihood: -15468.801038
[04:28:34] [worker #10] Bootstrap tree #911, logLikelihood: -14799.311237
[04:28:37] [worker #11] Bootstrap tree #912, logLikelihood: -15780.184606
[04:28:38] [worker #4] Bootstrap tree #905, logLikelihood: -15618.695308
[04:28:50] [worker #5] Bootstrap tree #906, logLikelihood: -15827.463836
[04:28:53] [worker #2] Bootstrap tree #903, logLikelihood: -15951.937646
[04:28:56] [worker #6] Bootstrap tree #907, logLikelihood: -14856.979913
[04:28:56] [worker #9] Bootstrap tree #910, logLikelihood: -15099.918265
[04:29:08] [worker #8] Bootstrap tree #909, logLikelihood: -16173.131603
[04:29:13] [worker #7] Bootstrap tree #908, logLikelihood: -15469.259974
[04:29:22] [worker #1] Bootstrap tree #902, logLikelihood: -16019.994560
[04:29:31] [worker #3] Bootstrap tree #904, logLikelihood: -15446.530922
[04:31:15] [worker #10] Bootstrap tree #923, logLikelihood: -15713.932907
[04:31:19] [worker #0] Bootstrap tree #913, logLikelihood: -15646.393711
[04:31:26] [worker #4] Bootstrap tree #917, logLikelihood: -15336.521945
[04:31:28] [worker #9] Bootstrap tree #922, logLikelihood: -15330.254552
[04:31:41] [worker #1] Bootstrap tree #914, logLikelihood: -15479.009911
[04:31:46] [worker #11] Bootstrap tree #924, logLikelihood: -15798.807277
[04:31:58] [worker #2] Bootstrap tree #915, logLikelihood: -15315.765486
[04:31:59] [worker #3] Bootstrap tree #916, logLikelihood: -15406.826431
[04:32:03] [worker #5] Bootstrap tree #918, logLikelihood: -15319.903287
[04:32:15] [worker #8] Bootstrap tree #921, logLikelihood: -15324.317697
[04:32:16] [worker #6] Bootstrap tree #919, logLikelihood: -15435.054510
[04:32:24] [worker #7] Bootstrap tree #920, logLikelihood: -15824.013496
[04:33:37] [worker #10] Bootstrap tree #935, logLikelihood: -15100.086409
[04:33:44] [worker #4] Bootstrap tree #929, logLikelihood: -14912.559708
[04:33:50] [worker #0] Bootstrap tree #925, logLikelihood: -14187.092625
[04:34:06] [worker #9] Bootstrap tree #934, logLikelihood: -15715.031892
[04:34:21] [worker #11] Bootstrap tree #936, logLikelihood: -15304.392603
[04:34:21] [worker #1] Bootstrap tree #926, logLikelihood: -15493.035048
[04:34:31] [worker #8] Bootstrap tree #933, logLikelihood: -16468.557922
[04:34:48] [worker #3] Bootstrap tree #928, logLikelihood: -16221.549304
[04:34:57] [worker #7] Bootstrap tree #932, logLikelihood: -14998.658745
[04:35:21] [worker #2] Bootstrap tree #927, logLikelihood: -15984.529898
[04:35:37] [worker #5] Bootstrap tree #930, logLikelihood: -15968.553878
[04:35:42] [worker #6] Bootstrap tree #931, logLikelihood: -16211.409129
[04:35:53] [worker #10] Bootstrap tree #947, logLikelihood: -14700.989253
[04:36:07] [worker #4] Bootstrap tree #941, logLikelihood: -15993.272514
[04:36:31] [worker #9] Bootstrap tree #946, logLikelihood: -15255.359860
[04:36:52] [worker #11] Bootstrap tree #948, logLikelihood: -15260.677041
[04:37:00] [worker #0] Bootstrap tree #937, logLikelihood: -16430.269328
[04:37:13] [worker #1] Bootstrap tree #938, logLikelihood: -16198.256857
[04:37:22] [worker #7] Bootstrap tree #944, logLikelihood: -15469.003288
[04:37:36] [worker #8] Bootstrap tree #945, logLikelihood: -15498.373579
[04:37:36] [worker #3] Bootstrap tree #940, logLikelihood: -15293.514493
[04:37:47] [worker #2] Bootstrap tree #939, logLikelihood: -14307.953164
[04:37:49] [worker #5] Bootstrap tree #942, logLikelihood: -15732.119544
[04:38:16] [worker #6] Bootstrap tree #943, logLikelihood: -15523.762387
[04:39:21] [worker #0] Bootstrap tree #949, logLikelihood: -15333.936574
[04:39:43] [worker #1] Bootstrap tree #950, logLikelihood: -14686.063399
[04:41:56] [worker #10] Bootstrap tree #959, logLikelihood: -15818.092985
[04:42:01] [worker #4] Bootstrap tree #953, logLikelihood: -15619.025453
[04:42:06] [worker #7] Bootstrap tree #956, logLikelihood: -15711.764211
[04:42:07] [worker #5] Bootstrap tree #954, logLikelihood: -15400.581011
[04:42:10] [worker #6] Bootstrap tree #955, logLikelihood: -15453.435990
[04:42:12] [worker #2] Bootstrap tree #951, logLikelihood: -14695.050239
[04:42:18] [worker #9] Bootstrap tree #958, logLikelihood: -15654.118966
[04:43:02] [worker #0] Bootstrap tree #961, logLikelihood: -15488.411112
[04:43:06] [worker #11] Bootstrap tree #960, logLikelihood: -15006.046570
[04:43:13] [worker #3] Bootstrap tree #952, logLikelihood: -15503.363381
[04:43:27] [worker #8] Bootstrap tree #957, logLikelihood: -16546.855557
[04:43:35] [worker #1] Bootstrap tree #962, logLikelihood: -15996.842106
[04:44:17] [worker #4] Bootstrap tree #965, logLikelihood: -15033.738983
[04:44:17] [worker #10] Bootstrap tree #971, logLikelihood: -15079.771710
[04:44:41] [worker #5] Bootstrap tree #966, logLikelihood: -16093.743938
[04:45:02] [worker #7] Bootstrap tree #968, logLikelihood: -16327.527135
[04:45:09] [worker #11] Bootstrap tree #972, logLikelihood: -14699.959007
[04:45:14] [worker #0] Bootstrap tree #973, logLikelihood: -15424.086092
[04:45:20] [worker #6] Bootstrap tree #967, logLikelihood: -16278.781251
[04:45:47] [worker #9] Bootstrap tree #970, logLikelihood: -15409.406527
[04:45:55] [worker #8] Bootstrap tree #969, logLikelihood: -15453.951616
[04:45:56] [worker #2] Bootstrap tree #963, logLikelihood: -16201.296509
[04:45:59] [worker #3] Bootstrap tree #964, logLikelihood: -15244.445687
[04:46:31] [worker #1] Bootstrap tree #974, logLikelihood: -16141.329536
[04:46:38] [worker #4] Bootstrap tree #977, logLikelihood: -15866.382280
[04:46:59] [worker #10] Bootstrap tree #983, logLikelihood: -15907.298813
[04:47:17] [worker #5] Bootstrap tree #978, logLikelihood: -15265.079607
[04:47:34] [worker #11] Bootstrap tree #984, logLikelihood: -15445.430733
[04:47:49] [worker #7] Bootstrap tree #980, logLikelihood: -15173.666940
[04:47:59] [worker #0] Bootstrap tree #985, logLikelihood: -15770.748295
[04:47:59] [worker #9] Bootstrap tree #982, logLikelihood: -16222.542636
[04:48:07] [worker #6] Bootstrap tree #979, logLikelihood: -15644.268129
[04:48:36] [worker #2] Bootstrap tree #975, logLikelihood: -16381.425148
[04:48:55] [worker #1] Bootstrap tree #986, logLikelihood: -15711.935118
[04:49:08] [worker #8] Bootstrap tree #981, logLikelihood: -15328.688366
[04:49:17] [worker #3] Bootstrap tree #976, logLikelihood: -15125.515250
[04:49:24] [worker #10] Bootstrap tree #995, logLikelihood: -15510.909908
[04:50:00] [worker #11] Bootstrap tree #996, logLikelihood: -15786.858933
[04:50:18] [worker #0] Bootstrap tree #997, logLikelihood: -15333.671143
[04:50:30] [worker #5] Bootstrap tree #990, logLikelihood: -15185.005736
[04:50:31] [worker #4] Bootstrap tree #989, logLikelihood: -14684.456958
[04:51:02] [worker #7] Bootstrap tree #992, logLikelihood: -16131.892225
[04:51:13] [worker #2] Bootstrap tree #987, logLikelihood: -16124.173865
[04:51:24] [worker #6] Bootstrap tree #991, logLikelihood: -14789.601950
[04:51:32] [worker #8] Bootstrap tree #993, logLikelihood: -15004.702008
[04:51:59] [worker #3] Bootstrap tree #988, logLikelihood: -16112.150667
[04:52:01] [worker #9] Bootstrap tree #994, logLikelihood: -16078.367899
[04:52:12] [worker #1] Bootstrap tree #998, logLikelihood: -15509.021163
[04:54:59] [worker #3] Bootstrap tree #1000, logLikelihood: -16448.806952
[04:55:15] [worker #2] Bootstrap tree #999, logLikelihood: -15949.366429

Optimized model parameters:

   Partition 0: noname
   Rate heterogeneity: GAMMA (4 cats, mean),  alpha: 4.610867 (ML),  weights&rates: (0.250000,0.485066) (0.250000,0.793996) (0.250000,1.083906) (0.250000,1.637032) 
   Base frequencies (model): 0.076748 0.051691 0.042645 0.051544 0.019803 0.040752 0.061830 0.073152 0.022944 0.053761 0.091904 0.058676 0.023826 0.040126 0.050901 0.068765 0.058565 0.014261 0.032102 0.066005 
   Substitution rates (model): 58.000000 54.000000 81.000000 56.000000 57.000000 105.000000 179.000000 27.000000 36.000000 30.000000 35.000000 54.000000 15.000000 194.000000 378.000000 475.000000 9.000000 11.000000 298.000000 45.000000 16.000000 113.000000 310.000000 29.000000 137.000000 328.000000 22.000000 38.000000 646.000000 44.000000 5.000000 74.000000 101.000000 64.000000 126.000000 20.000000 17.000000 528.000000 34.000000 86.000000 58.000000 81.000000 391.000000 47.000000 12.000000 263.000000 30.000000 10.000000 15.000000 503.000000 232.000000 8.000000 70.000000 16.000000 10.000000 49.000000 767.000000 130.000000 112.000000 11.000000 7.000000 26.000000 15.000000 4.000000 15.000000 59.000000 38.000000 4.000000 46.000000 31.000000 9.000000 5.000000 59.000000 69.000000 17.000000 23.000000 7.000000 31.000000 78.000000 14.000000 223.000000 42.000000 115.000000 209.000000 62.000000 323.000000 26.000000 597.000000 9.000000 72.000000 292.000000 43.000000 4.000000 164.000000 53.000000 51.000000 18.000000 24.000000 20.000000 119.000000 26.000000 12.000000 9.000000 181.000000 18.000000 5.000000 18.000000 30.000000 32.000000 10.000000 7.000000 45.000000 23.000000 6.000000 6.000000 27.000000 14.000000 5.000000 24.000000 201.000000 33.000000 55.000000 8.000000 47.000000 16.000000 56.000000 45.000000 33.000000 40.000000 115.000000 73.000000 46.000000 8.000000 573.000000 11.000000 229.000000 21.000000 479.000000 89.000000 10.000000 40.000000 245.000000 9.000000 32.000000 961.000000 14.000000 388.000000 248.000000 102.000000 59.000000 25.000000 52.000000 24.000000 180.000000 65.000000 4.000000 21.000000 47.000000 103.000000 10.000000 8.000000 14.000000 43.000000 16.000000 29.000000 226.000000 24.000000 18.000000 323.000000 17.000000 92.000000 12.000000 53.000000 536.000000 62.000000 285.000000 118.000000 6.000000 10.000000 23.000000 477.000000 35.000000 63.000000 38.000000 12.000000 21.000000 112.000000 71.000000 25.000000 16.000000 


Final LogLikelihood: -15748.675144

AIC score: 32181.350288 / AICc score: 266793.350288 / BIC score: 33082.427602
Free parameters (model + branch lengths): 342

WARNING: Number of free parameters (K=342) is larger than alignment size (n=103).
         This might lead to overfitting and compromise tree inference results!


WARNING: Best ML tree contains 18 near-zero branches!

Best ML tree with collapsed near-zero branches saved to: /scratch/richon/Alignement2/alignement_2-raxmlng.raxml.bestTreeCollapsed
Best ML tree saved to: /scratch/richon/Alignement2/alignement_2-raxmlng.raxml.bestTree
All ML trees saved to: /scratch/richon/Alignement2/alignement_2-raxmlng.raxml.mlTrees
Best ML tree with Felsenstein bootstrap (FBP) support values saved to: /scratch/richon/Alignement2/alignement_2-raxmlng.raxml.support
Optimized model saved to: /scratch/richon/Alignement2/alignement_2-raxmlng.raxml.bestModel
Bootstrap trees saved to: /scratch/richon/Alignement2/alignement_2-raxmlng.raxml.bootstraps

Execution log saved to: /scratch/richon/Alignement2/alignement_2-raxmlng.raxml.log

Analysis started: 05-Mar-2026 12:05:22 / finished: 05-Mar-2026 17:00:37

Elapsed time: 17715.748 seconds

